== Temporary log file in case of crash /var/folders/m9/_g3wndrn04d80ys2382r700r0000gn/T/eb-p2z_jw7u/easybuild-36ixk9gs.log
== found valid index for EASYBUILD_RUNTIME/eb54/easybuild/easyconfigs, so using it...
Dry run: printing build status of easyconfigs and dependencies
 * [ ] PINNED_EASYCONFIGS/m/M4/M4-1.4.19.eb (module: M4/1.4.19)
 * [ ] PINNED_EASYCONFIGS/b/Bison/Bison-3.8.2.eb (module: Bison/3.8.2)
 * [ ] PINNED_EASYCONFIGS/f/flex/flex-2.6.4.eb (module: flex/2.6.4)
 * [ ] PINNED_EASYCONFIGS/z/zlib/zlib-1.2.13.eb (module: zlib/1.2.13)
 * [ ] PINNED_EASYCONFIGS/b/binutils/binutils-2.40.eb (module: binutils/2.40)
 * [ ] PINNED_EASYCONFIGS/g/GCCcore/GCCcore-12.3.0.eb (module: GCCcore/12.3.0)
 * [ ] PINNED_EASYCONFIGS/h/help2man/help2man-1.49.3-GCCcore-12.3.0.eb (module: help2man/1.49.3-GCCcore-12.3.0)
 * [ ] PINNED_EASYCONFIGS/m/M4/M4-1.4.19-GCCcore-12.3.0.eb (module: M4/1.4.19-GCCcore-12.3.0)
 * [ ] PINNED_EASYCONFIGS/z/zlib/zlib-1.2.13-GCCcore-12.3.0.eb (module: zlib/1.2.13-GCCcore-12.3.0)
 * [ ] PINNED_EASYCONFIGS/b/Bison/Bison-3.8.2-GCCcore-12.3.0.eb (module: Bison/3.8.2-GCCcore-12.3.0)
 * [ ] PINNED_EASYCONFIGS/f/flex/flex-2.6.4-GCCcore-12.3.0.eb (module: flex/2.6.4-GCCcore-12.3.0)
 * [ ] PINNED_EASYCONFIGS/b/binutils/binutils-2.40-GCCcore-12.3.0.eb (module: binutils/2.40-GCCcore-12.3.0)
 * [ ] PINNED_EASYCONFIGS/p/pkgconf/pkgconf-1.9.5-GCCcore-12.3.0.eb (module: pkgconf/1.9.5-GCCcore-12.3.0)
 * [ ] PINNED_EASYCONFIGS/n/ncurses/ncurses-6.4-GCCcore-12.3.0.eb (module: ncurses/6.4-GCCcore-12.3.0)
 * [ ] PINNED_EASYCONFIGS/b/bzip2/bzip2-1.0.8-GCCcore-12.3.0.eb (module: bzip2/1.0.8-GCCcore-12.3.0)
 * [ ] PINNED_EASYCONFIGS/l/libreadline/libreadline-8.2-GCCcore-12.3.0.eb (module: libreadline/8.2-GCCcore-12.3.0)
 * [ ] PINNED_EASYCONFIGS/t/Tcl/Tcl-8.6.13-GCCcore-12.3.0.eb (module: Tcl/8.6.13-GCCcore-12.3.0)
 * [ ] PINNED_EASYCONFIGS/u/UnZip/UnZip-6.0-GCCcore-12.3.0.eb (module: UnZip/6.0-GCCcore-12.3.0)
 * [ ] PINNED_EASYCONFIGS/s/SQLite/SQLite-3.42.0-GCCcore-12.3.0.eb (module: SQLite/3.42.0-GCCcore-12.3.0)
 * [ ] PINNED_EASYCONFIGS/l/libffi/libffi-3.4.4-GCCcore-12.3.0.eb (module: libffi/3.4.4-GCCcore-12.3.0)
 * [ ] PINNED_EASYCONFIGS/l/lz4/lz4-1.9.4-GCCcore-12.3.0.eb (module: lz4/1.9.4-GCCcore-12.3.0)
 * [ ] PINNED_EASYCONFIGS/z/zlib/zlib-1.3.1.eb (module: zlib/1.3.1)
 * [ ] PINNED_EASYCONFIGS/n/ncurses/ncurses-6.3.eb (module: ncurses/6.3)
 * [ ] PINNED_EASYCONFIGS/g/gettext/gettext-0.21.1.eb (module: gettext/0.21.1)
 * [ ] PINNED_EASYCONFIGS/b/binutils/binutils-2.45.eb (module: binutils/2.45)
 * [ ] PINNED_EASYCONFIGS/x/XZ/XZ-5.4.2-GCCcore-12.3.0.eb (module: XZ/5.4.2-GCCcore-12.3.0)
 * [ ] PINNED_EASYCONFIGS/l/libxml2/libxml2-2.11.4-GCCcore-12.3.0.eb (module: libxml2/2.11.4-GCCcore-12.3.0)
 * [ ] PINNED_EASYCONFIGS/p/Perl/Perl-5.42.0.eb (module: Perl/5.42.0)
 * [ ] PINNED_EASYCONFIGS/g/gzip/gzip-1.12-GCCcore-12.3.0.eb (module: gzip/1.12-GCCcore-12.3.0)
 * [ ] PINNED_EASYCONFIGS/p/Perl/Perl-5.36.1-GCCcore-12.3.0.eb (module: Perl/5.36.1-GCCcore-12.3.0)
 * [ ] PINNED_EASYCONFIGS/z/zstd/zstd-1.5.5-GCCcore-12.3.0.eb (module: zstd/1.5.5-GCCcore-12.3.0)
 * [ ] PINNED_EASYCONFIGS/a/Autoconf/Autoconf-2.71-GCCcore-12.3.0.eb (module: Autoconf/2.71-GCCcore-12.3.0)
 * [ ] PINNED_EASYCONFIGS/a/Automake/Automake-1.16.5-GCCcore-12.3.0.eb (module: Automake/1.16.5-GCCcore-12.3.0)
 * [ ] PINNED_EASYCONFIGS/g/GCC/GCC-12.3.0.eb (module: GCC/12.3.0)
 * [ ] PINNED_EASYCONFIGS/l/libtool/libtool-2.4.7-GCCcore-12.3.0.eb (module: libtool/2.4.7-GCCcore-12.3.0)
 * [ ] PINNED_EASYCONFIGS/m/M4/M4-1.4.21.eb (module: M4/1.4.21)
 * [ ] PINNED_EASYCONFIGS/a/Autotools/Autotools-20220317-GCCcore-12.3.0.eb (module: Autotools/20220317-GCCcore-12.3.0)
 * [ ] PINNED_EASYCONFIGS/a/Autoconf/Autoconf-2.72.eb (module: Autoconf/2.72)
 * [ ] PINNED_EASYCONFIGS/a/Automake/Automake-1.18.1.eb (module: Automake/1.18.1)
 * [ ] PINNED_EASYCONFIGS/p/patchelf/patchelf-0.18.0-GCCcore-12.3.0.eb (module: patchelf/0.18.0-GCCcore-12.3.0)
 * [ ] PINNED_EASYCONFIGS/l/libtool/libtool-2.5.4.eb (module: libtool/2.5.4)
 * [ ] PINNED_EASYCONFIGS/a/Autotools/Autotools-20250626.eb (module: Autotools/20250626)
 * [ ] PINNED_EASYCONFIGS/p/pkgconf/pkgconf-2.5.1.eb (module: pkgconf/2.5.1)
 * [ ] REPOSITORY_ROOT/packaging/easybuild-2023a-overlay/2023a/OpenSSL-3.eb (module: OpenSSL/3)
 * [ ] REPOSITORY_ROOT/packaging/easybuild-2023a-overlay/2023a/Python-3.12.14-GCCcore-12.3.0.eb (module: Python/3.12.14-GCCcore-12.3.0)
 * [ ] REPOSITORY_ROOT/packaging/easybuild-2023a-arrow-overlay/2023a/Cython-3.1.8-GCCcore-12.3.0.eb (module: Cython/3.1.8-GCCcore-12.3.0)
 * [ ] REPOSITORY_ROOT/packaging/easybuild-2023a-overlay/2023a/cURL-8.0.1-GCCcore-12.3.0.eb (module: cURL/8.0.1-GCCcore-12.3.0)
 * [ ] REPOSITORY_ROOT/packaging/easybuild-2023a-overlay/2023a/hatchling-1.24.2-GCCcore-12.3.0.eb (module: hatchling/1.24.2-GCCcore-12.3.0)
 * [ ] REPOSITORY_ROOT/packaging/easybuild-2023a-overlay/2023a/libarchive-3.6.2-GCCcore-12.3.0.eb (module: libarchive/3.6.2-GCCcore-12.3.0)
 * [ ] REPOSITORY_ROOT/packaging/easybuild-2023a-overlay/2023a/Voiage-Python-support-2.2.0-GCCcore-12.3.0.eb (module: Voiage-Python-support/2.2.0-GCCcore-12.3.0)
 * [ ] REPOSITORY_ROOT/packaging/easybuild-2023a-overlay/2023a/ICU-73.2-GCCcore-12.3.0.eb (module: ICU/73.2-GCCcore-12.3.0)
 * [ ] REPOSITORY_ROOT/packaging/easybuild-2023a-overlay/2023a/Cython-3.0.10-GCCcore-12.3.0.eb (module: Cython/3.0.10-GCCcore-12.3.0)
 * [ ] REPOSITORY_ROOT/packaging/easybuild-2023a-overlay/2023a/CMake-3.26.3-GCCcore-12.3.0.eb (module: CMake/3.26.3-GCCcore-12.3.0)
 * [ ] REPOSITORY_ROOT/packaging/easybuild-2023a-overlay/2023a/Ninja-1.11.1-GCCcore-12.3.0.eb (module: Ninja/1.11.1-GCCcore-12.3.0)
 * [ ] REPOSITORY_ROOT/packaging/easybuild-2023a-arrow-overlay/2023a/Voiage-Arrow-build-support-25.0.1-GCCcore-12.3.0.eb (module: Voiage-Arrow-build-support/25.0.1-GCCcore-12.3.0)
 * [ ] REPOSITORY_ROOT/packaging/easybuild-2023a-arrow-overlay/2023a/xsimd-14.2.0-GCCcore-12.3.0.eb (module: xsimd/14.2.0-GCCcore-12.3.0)
 * [ ] REPOSITORY_ROOT/packaging/easybuild-2023a-rust-overlay/2023a/Rust-1.96.0-GCCcore-12.3.0.eb (module: Rust/1.96.0-GCCcore-12.3.0)
 * [ ] PINNED_EASYCONFIGS/b/Boost/Boost-1.82.0-GCC-12.3.0.eb (module: Boost/1.82.0-GCC-12.3.0)
 * [ ] REPOSITORY_ROOT/packaging/easybuild-2023a-overlay/2023a/hypothesis-6.103.1-GCCcore-12.3.0.eb (module: hypothesis/6.103.1-GCCcore-12.3.0)
 * [ ] REPOSITORY_ROOT/packaging/easybuild-2023a-overlay/2023a/Meson-1.5.2-GCCcore-12.3.0.eb (module: Meson/1.5.2-GCCcore-12.3.0)
 * [ ] PINNED_EASYCONFIGS/s/snappy/snappy-1.1.10-GCCcore-12.3.0.eb (module: snappy/1.1.10-GCCcore-12.3.0)
 * [ ] REPOSITORY_ROOT/packaging/easybuild-2023a-overlay/2023a/meson-python-0.16.0-GCCcore-12.3.0.eb (module: meson-python/0.16.0-GCCcore-12.3.0)
 * [ ] PINNED_EASYCONFIGS/r/RapidJSON/RapidJSON-1.1.0-20230928-GCCcore-12.3.0.eb (module: RapidJSON/1.1.0-20230928-GCCcore-12.3.0)
 * [ ] REPOSITORY_ROOT/packaging/easybuild-2023a-arrow-overlay/2023a/libcst-1.8.6-GCCcore-12.3.0.eb (module: libcst/1.8.6-GCCcore-12.3.0)
 * [ ] PINNED_EASYCONFIGS/u/utf8proc/utf8proc-2.8.0-GCCcore-12.3.0.eb (module: utf8proc/2.8.0-GCCcore-12.3.0)
 * [ ] PINNED_EASYCONFIGS/a/Abseil/Abseil-20230125.3-GCCcore-12.3.0.eb (module: Abseil/20230125.3-GCCcore-12.3.0)
 * [ ] PINNED_EASYCONFIGS/e/Eigen/Eigen-3.4.0-GCCcore-12.3.0.eb (module: Eigen/3.4.0-GCCcore-12.3.0)
 * [ ] PINNED_EASYCONFIGS/r/RE2/RE2-2023-08-01-GCCcore-12.3.0.eb (module: RE2/2023-08-01-GCCcore-12.3.0)
 * [ ] REPOSITORY_ROOT/packaging/easybuild-2023a-arrow-overlay/2023a/Thrift-0.22.0-GCC-12.3.0.eb (module: Thrift/0.22.0-GCC-12.3.0)
 * [ ] PINNED_EASYCONFIGS/c/Catch2/Catch2-2.13.9-GCCcore-12.3.0.eb (module: Catch2/2.13.9-GCCcore-12.3.0)
 * [ ] REPOSITORY_ROOT/packaging/easybuild-2023a-overlay/2023a/pybind11-2.13.6-GCC-12.3.0.eb (module: pybind11/2.13.6-GCC-12.3.0)
 * [ ] PINNED_EASYCONFIGS/f/FFTW/FFTW-3.3.10-GCC-12.3.0.eb (module: FFTW/3.3.10-GCC-12.3.0)
 * [ ] REPOSITORY_ROOT/packaging/easybuild-2023a-overlay/2023a/BLIS-0.9.0-GCC-12.3.0.eb (module: BLIS/0.9.0-GCC-12.3.0)
 * [ ] PINNED_EASYCONFIGS/m/make/make-4.4.1-GCCcore-12.3.0.eb (module: make/4.4.1-GCCcore-12.3.0)
 * [ ] REPOSITORY_ROOT/packaging/easybuild-2023a-overlay/2023a/OpenBLAS-0.3.23-GCC-12.3.0.eb (module: OpenBLAS/0.3.23-GCC-12.3.0)
 * [ ] REPOSITORY_ROOT/packaging/easybuild-2023a-overlay/2023a/FlexiBLAS-3.3.1-GCC-12.3.0.eb (module: FlexiBLAS/3.3.1-GCC-12.3.0)
 * [ ] PINNED_EASYCONFIGS/g/gfbf/gfbf-2023a.eb (module: gfbf/2023a)
 * [ ] REPOSITORY_ROOT/packaging/easybuild-2023a-overlay/2023a/SciPy-bundle-2026.09-gfbf-2023a-voiage-2.2.0.eb (module: SciPy-bundle/2026.09-gfbf-2023a-voiage-2.2.0)
 * [ ] REPOSITORY_ROOT/packaging/easybuild-2023a-arrow-overlay/2023a/Arrow-25.0.1-gfbf-2023a.eb (module: Arrow/25.0.1-gfbf-2023a)
== Temporary log file(s) /var/folders/m9/_g3wndrn04d80ys2382r700r0000gn/T/eb-p2z_jw7u/easybuild-36ixk9gs.log* have been removed.
== Temporary directory /var/folders/m9/_g3wndrn04d80ys2382r700r0000gn/T/eb-p2z_jw7u has been removed.
