== Temporary log file in case of crash PRIVATE_TMP
Dry run: printing build status of easyconfigs and dependencies
 * [ ] PINNED_EASYCONFIGS/m/M4/M4-1.4.19.eb (module: M4/1.4.19)
 * [ ] PINNED_EASYCONFIGS/b/Bison/Bison-3.8.2.eb (module: Bison/3.8.2)
 * [ ] PINNED_EASYCONFIGS/f/flex/flex-2.6.4.eb (module: flex/2.6.4)
 * [ ] PINNED_EASYCONFIGS/z/zlib/zlib-1.3.1.eb (module: zlib/1.3.1)
 * [ ] PINNED_EASYCONFIGS/b/binutils/binutils-2.42.eb (module: binutils/2.42)
 * [ ] PINNED_EASYCONFIGS/g/GCCcore/GCCcore-13.3.0.eb (module: GCCcore/13.3.0)
 * [ ] PINNED_EASYCONFIGS/z/zlib/zlib-1.3.1-GCCcore-13.3.0.eb (module: zlib/1.3.1-GCCcore-13.3.0)
 * [ ] PINNED_EASYCONFIGS/h/help2man/help2man-1.49.3-GCCcore-13.3.0.eb (module: help2man/1.49.3-GCCcore-13.3.0)
 * [ ] PINNED_EASYCONFIGS/m/M4/M4-1.4.19-GCCcore-13.3.0.eb (module: M4/1.4.19-GCCcore-13.3.0)
 * [ ] PINNED_EASYCONFIGS/b/Bison/Bison-3.8.2-GCCcore-13.3.0.eb (module: Bison/3.8.2-GCCcore-13.3.0)
 * [ ] PINNED_EASYCONFIGS/f/flex/flex-2.6.4-GCCcore-13.3.0.eb (module: flex/2.6.4-GCCcore-13.3.0)
 * [ ] PINNED_EASYCONFIGS/b/binutils/binutils-2.42-GCCcore-13.3.0.eb (module: binutils/2.42-GCCcore-13.3.0)
 * [ ] PINNED_EASYCONFIGS/p/pkgconf/pkgconf-2.2.0-GCCcore-13.3.0.eb (module: pkgconf/2.2.0-GCCcore-13.3.0)
 * [ ] PINNED_EASYCONFIGS/b/bzip2/bzip2-1.0.8-GCCcore-13.3.0.eb (module: bzip2/1.0.8-GCCcore-13.3.0)
 * [ ] PINNED_EASYCONFIGS/t/Tcl/Tcl-8.6.14-GCCcore-13.3.0.eb (module: Tcl/8.6.14-GCCcore-13.3.0)
 * [ ] PINNED_EASYCONFIGS/u/UnZip/UnZip-6.0-GCCcore-13.3.0.eb (module: UnZip/6.0-GCCcore-13.3.0)
 * [ ] PINNED_EASYCONFIGS/n/ncurses/ncurses-6.5-GCCcore-13.3.0.eb (module: ncurses/6.5-GCCcore-13.3.0)
 * [ ] PINNED_EASYCONFIGS/l/libreadline/libreadline-8.2-GCCcore-13.3.0.eb (module: libreadline/8.2-GCCcore-13.3.0)
 * [ ] PINNED_EASYCONFIGS/s/SQLite/SQLite-3.45.3-GCCcore-13.3.0.eb (module: SQLite/3.45.3-GCCcore-13.3.0)
 * [ ] PINNED_EASYCONFIGS/l/libffi/libffi-3.4.5-GCCcore-13.3.0.eb (module: libffi/3.4.5-GCCcore-13.3.0)
 * [ ] PINNED_EASYCONFIGS/b/binutils/binutils-2.45.eb (module: binutils/2.45)
 * [ ] PINNED_EASYCONFIGS/p/Perl/Perl-5.38.2-GCCcore-13.3.0.eb (module: Perl/5.38.2-GCCcore-13.3.0)
 * [ ] PINNED_EASYCONFIGS/a/Autoconf/Autoconf-2.72-GCCcore-13.3.0.eb (module: Autoconf/2.72-GCCcore-13.3.0)
 * [ ] PINNED_EASYCONFIGS/p/Perl/Perl-5.42.0.eb (module: Perl/5.42.0)
 * [ ] PINNED_EASYCONFIGS/a/Automake/Automake-1.16.5-GCCcore-13.3.0.eb (module: Automake/1.16.5-GCCcore-13.3.0)
 * [ ] PINNED_EASYCONFIGS/l/lz4/lz4-1.9.4-GCCcore-13.3.0.eb (module: lz4/1.9.4-GCCcore-13.3.0)
 * [ ] PINNED_EASYCONFIGS/l/libtool/libtool-2.4.7-GCCcore-13.3.0.eb (module: libtool/2.4.7-GCCcore-13.3.0)
 * [ ] PINNED_EASYCONFIGS/g/GCC/GCC-13.3.0.eb (module: GCC/13.3.0)
 * [ ] PINNED_EASYCONFIGS/n/ncurses/ncurses-6.5.eb (module: ncurses/6.5)
 * [ ] PINNED_EASYCONFIGS/a/Autotools/Autotools-20231222-GCCcore-13.3.0.eb (module: Autotools/20231222-GCCcore-13.3.0)
 * [ ] PINNED_EASYCONFIGS/g/gettext/gettext-0.22.5.eb (module: gettext/0.22.5)
 * [ ] PINNED_EASYCONFIGS/p/patchelf/patchelf-0.18.0-GCCcore-13.3.0.eb (module: patchelf/0.18.0-GCCcore-13.3.0)
 * [ ] PINNED_EASYCONFIGS/x/XZ/XZ-5.4.5-GCCcore-13.3.0.eb (module: XZ/5.4.5-GCCcore-13.3.0)
 * [ ] PINNED_EASYCONFIGS/l/libxml2/libxml2-2.12.7-GCCcore-13.3.0.eb (module: libxml2/2.12.7-GCCcore-13.3.0)
 * [ ] PINNED_EASYCONFIGS/f/FFTW/FFTW-3.3.10-GCC-13.3.0.eb (module: FFTW/3.3.10-GCC-13.3.0)
 * [ ] PINNED_EASYCONFIGS/g/gzip/gzip-1.13-GCCcore-13.3.0.eb (module: gzip/1.13-GCCcore-13.3.0)
 * [ ] PINNED_EASYCONFIGS/m/M4/M4-1.4.21.eb (module: M4/1.4.21)
 * [ ] PINNED_EASYCONFIGS/z/zstd/zstd-1.5.6-GCCcore-13.3.0.eb (module: zstd/1.5.6-GCCcore-13.3.0)
 * [ ] PINNED_EASYCONFIGS/a/Autoconf/Autoconf-2.72.eb (module: Autoconf/2.72)
 * [ ] PINNED_EASYCONFIGS/a/Automake/Automake-1.18.1.eb (module: Automake/1.18.1)
 * [ ] PINNED_EASYCONFIGS/l/libtool/libtool-2.5.4.eb (module: libtool/2.5.4)
 * [ ] PINNED_EASYCONFIGS/a/Autotools/Autotools-20250626.eb (module: Autotools/20250626)
 * [ ] PINNED_EASYCONFIGS/p/pkgconf/pkgconf-2.5.1.eb (module: pkgconf/2.5.1)
 * [ ] REPOSITORY_ROOT/packaging/easybuild-overlay/2024a/OpenSSL-3.eb (module: OpenSSL/3)
 * [ ] PINNED_EASYCONFIGS/l/libarchive/libarchive-3.7.4-GCCcore-13.3.0.eb (module: libarchive/3.7.4-GCCcore-13.3.0)
 * [ ] REPOSITORY_ROOT/packaging/easybuild-overlay/2024a/Python-3.12.14-GCCcore-13.3.0.eb (module: Python/3.12.14-GCCcore-13.3.0)
 * [ ] REPOSITORY_ROOT/packaging/easybuild-2024a-rust-overlay/2024a/Voiage-Rust-build-support-2.2.0-GCCcore-13.3.0.eb (module: Voiage-Rust-build-support/2.2.0-GCCcore-13.3.0)
 * [ ] REPOSITORY_ROOT/packaging/easybuild-overlay/2024a/Ninja-1.12.1-GCCcore-13.3.0.eb (module: Ninja/1.12.1-GCCcore-13.3.0)
 * [ ] REPOSITORY_ROOT/packaging/easybuild-2024a-rust-overlay/2024a/setuptools-rust-1.12.0-GCCcore-13.3.0.eb (module: setuptools-rust/1.12.0-GCCcore-13.3.0)
 * [ ] REPOSITORY_ROOT/packaging/easybuild-overlay/2024a/hatchling-1.24.2-GCCcore-13.3.0.eb (module: hatchling/1.24.2-GCCcore-13.3.0)
 * [ ] PINNED_EASYCONFIGS/c/cURL/cURL-8.7.1-GCCcore-13.3.0.eb (module: cURL/8.7.1-GCCcore-13.3.0)
 * [ ] REPOSITORY_ROOT/packaging/easybuild-overlay/2024a/Meson-1.5.2-GCCcore-13.3.0.eb (module: Meson/1.5.2-GCCcore-13.3.0)
 * [ ] REPOSITORY_ROOT/packaging/easybuild-overlay/2024a/Voiage-scientific-build-support-2.2.0-GCCcore-13.3.0.eb (module: Voiage-scientific-build-support/2.2.0-GCCcore-13.3.0)
 * [ ] REPOSITORY_ROOT/packaging/easybuild-overlay/2024a/meson-python-0.16.0-GCCcore-13.3.0.eb (module: meson-python/0.16.0-GCCcore-13.3.0)
 * [ ] REPOSITORY_ROOT/packaging/easybuild-overlay/2024a/Cython-3.0.10-GCCcore-13.3.0.eb (module: Cython/3.0.10-GCCcore-13.3.0)
 * [ ] REPOSITORY_ROOT/packaging/easybuild-2024a-arrow-overlay/2024a/Cython-3.1.8-GCCcore-13.3.0.eb (module: Cython/3.1.8-GCCcore-13.3.0)
 * [ ] REPOSITORY_ROOT/packaging/easybuild-2024a-arrow-overlay/2024a/Voiage-Arrow-build-support-25.0.1-GCCcore-13.3.0.eb (module: Voiage-Arrow-build-support/25.0.1-GCCcore-13.3.0)
 * [ ] REPOSITORY_ROOT/packaging/easybuild-overlay/2024a/BLIS-1.0-GCC-13.3.0.eb (module: BLIS/1.0-GCC-13.3.0)
 * [ ] REPOSITORY_ROOT/packaging/easybuild-overlay/2024a/ICU-75.1-GCCcore-13.3.0.eb (module: ICU/75.1-GCCcore-13.3.0)
 * [ ] PINNED_EASYCONFIGS/c/CMake/CMake-3.29.3-GCCcore-13.3.0.eb (module: CMake/3.29.3-GCCcore-13.3.0)
 * [ ] REPOSITORY_ROOT/packaging/easybuild-overlay/2024a/Voiage-Python-support-2.2.0-GCCcore-13.3.0.eb (module: Voiage-Python-support/2.2.0-GCCcore-13.3.0)
 * [ ] REPOSITORY_ROOT/packaging/easybuild-overlay/2024a/hypothesis-6.103.1-GCCcore-13.3.0.eb (module: hypothesis/6.103.1-GCCcore-13.3.0)
 * [ ] PINNED_EASYCONFIGS/e/Eigen/Eigen-3.4.0-GCCcore-13.3.0.eb (module: Eigen/3.4.0-GCCcore-13.3.0)
 * [ ] REPOSITORY_ROOT/packaging/easybuild-2024a-polars-overlay/2024a/Rust-nightly-2026-04-01-GCCcore-13.3.0.eb (module: Rust-nightly/2026-04-01-GCCcore-13.3.0)
 * [ ] REPOSITORY_ROOT/packaging/easybuild-2024a-arrow-overlay/2024a/xsimd-14.2.0-GCCcore-13.3.0.eb (module: xsimd/14.2.0-GCCcore-13.3.0)
 * [ ] PINNED_EASYCONFIGS/c/Catch2/Catch2-2.13.10-GCCcore-13.3.0.eb (module: Catch2/2.13.10-GCCcore-13.3.0)
 * [ ] PINNED_EASYCONFIGS/b/Boost/Boost-1.85.0-GCC-13.3.0.eb (module: Boost/1.85.0-GCC-13.3.0)
 * [ ] PINNED_EASYCONFIGS/s/snappy/snappy-1.2.1-GCCcore-13.3.0.eb (module: snappy/1.2.1-GCCcore-13.3.0)
 * [ ] REPOSITORY_ROOT/packaging/easybuild-2024a-arrow-overlay/2024a/Rust-1.96.0-GCCcore-13.3.0.eb (module: Rust/1.96.0-GCCcore-13.3.0)
 * [ ] REPOSITORY_ROOT/packaging/easybuild-2024a-rust-overlay/2024a/maturin-1.13.1-GCCcore-13.3.0.eb (module: maturin/1.13.1-GCCcore-13.3.0)
 * [ ] REPOSITORY_ROOT/packaging/easybuild-overlay/2024a/pybind11-2.13.6-GCC-13.3.0.eb (module: pybind11/2.13.6-GCC-13.3.0)
 * [ ] REPOSITORY_ROOT/packaging/easybuild-2024a-polars-overlay/2024a/polars-runtime-32-1.42.1-GCCcore-13.3.0.eb (module: polars-runtime-32/1.42.1-GCCcore-13.3.0)
 * [ ] REPOSITORY_ROOT/packaging/easybuild-2024a-arrow-overlay/2024a/libcst-1.8.6-GCCcore-13.3.0.eb (module: libcst/1.8.6-GCCcore-13.3.0)
 * [ ] REPOSITORY_ROOT/packaging/easybuild-2024a-rust-overlay/2024a/pydantic-core-2.46.4-GCCcore-13.3.0.eb (module: pydantic-core/2.46.4-GCCcore-13.3.0)
 * [ ] REPOSITORY_ROOT/packaging/easybuild-2024a-rust-overlay/2024a/rpds-py-2026.6.3-GCCcore-13.3.0.eb (module: rpds-py/2026.6.3-GCCcore-13.3.0)
 * [ ] REPOSITORY_ROOT/packaging/easybuild-2024a-polars-overlay/2024a/polars-1.42.1-GCCcore-13.3.0.eb (module: polars/1.42.1-GCCcore-13.3.0)
 * [ ] REPOSITORY_ROOT/packaging/easybuild-2024a-rust-overlay/2024a/pydantic-2.13.4-GCCcore-13.3.0.eb (module: pydantic/2.13.4-GCCcore-13.3.0)
 * [ ] REPOSITORY_ROOT/packaging/easybuild-2024a-rust-overlay/2024a/jsonschema-4.26.0-GCCcore-13.3.0.eb (module: jsonschema/4.26.0-GCCcore-13.3.0)
 * [ ] PINNED_EASYCONFIGS/r/RapidJSON/RapidJSON-1.1.0-20240815-GCCcore-13.3.0.eb (module: RapidJSON/1.1.0-20240815-GCCcore-13.3.0)
 * [ ] PINNED_EASYCONFIGS/l/libevent/libevent-2.1.12-GCCcore-13.3.0.eb (module: libevent/2.1.12-GCCcore-13.3.0)
 * [ ] PINNED_EASYCONFIGS/m/make/make-4.4.1-GCCcore-13.3.0.eb (module: make/4.4.1-GCCcore-13.3.0)
 * [ ] PINNED_EASYCONFIGS/n/numactl/numactl-2.0.18-GCCcore-13.3.0.eb (module: numactl/2.0.18-GCCcore-13.3.0)
 * [ ] REPOSITORY_ROOT/packaging/easybuild-overlay/2024a/OpenBLAS-0.3.27-GCC-13.3.0.eb (module: OpenBLAS/0.3.27-GCC-13.3.0)
 * [ ] REPOSITORY_ROOT/packaging/easybuild-overlay/2024a/FlexiBLAS-3.4.4-GCC-13.3.0.eb (module: FlexiBLAS/3.4.4-GCC-13.3.0)
 * [ ] PINNED_EASYCONFIGS/g/gfbf/gfbf-2024a.eb (module: gfbf/2024a)
 * [ ] REPOSITORY_ROOT/packaging/easybuild-overlay/2024a/SciPy-bundle-2026.09-gfbf-2024a-voiage-2.2.0.eb (module: SciPy-bundle/2026.09-gfbf-2024a-voiage-2.2.0)
 * [ ] REPOSITORY_ROOT/packaging/easybuild-overlay/2024a/Voiage-scientific-consumers-2.2.0-gfbf-2024a.eb (module: Voiage-scientific-consumers/2.2.0-gfbf-2024a)
 * [ ] PINNED_EASYCONFIGS/u/UCX/UCX-1.16.0-GCCcore-13.3.0.eb (module: UCX/1.16.0-GCCcore-13.3.0)
 * [ ] PINNED_EASYCONFIGS/u/utf8proc/utf8proc-2.9.0-GCCcore-13.3.0.eb (module: utf8proc/2.9.0-GCCcore-13.3.0)
 * [ ] PINNED_EASYCONFIGS/l/libfabric/libfabric-1.21.0-GCCcore-13.3.0.eb (module: libfabric/1.21.0-GCCcore-13.3.0)
 * [ ] PINNED_EASYCONFIGS/a/Abseil/Abseil-20240722.0-GCCcore-13.3.0.eb (module: Abseil/20240722.0-GCCcore-13.3.0)
 * [ ] PINNED_EASYCONFIGS/r/RE2/RE2-2024-07-02-GCCcore-13.3.0.eb (module: RE2/2024-07-02-GCCcore-13.3.0)
 * [ ] REPOSITORY_ROOT/packaging/easybuild-2024a-arrow-overlay/2024a/Thrift-0.22.0-GCC-13.3.0.eb (module: Thrift/0.22.0-GCC-13.3.0)
 * [ ] PINNED_EASYCONFIGS/x/xorg-macros/xorg-macros-1.20.1-GCCcore-13.3.0.eb (module: xorg-macros/1.20.1-GCCcore-13.3.0)
 * [ ] PINNED_EASYCONFIGS/p/Python/Python-3.12.3-GCCcore-13.3.0.eb (module: Python/3.12.3-GCCcore-13.3.0)
 * [ ] REPOSITORY_ROOT/packaging/easybuild-2024a-arrow-overlay/2024a/Arrow-25.0.1-gfbf-2024a.eb (module: Arrow/25.0.1-gfbf-2024a)
 * [ ] PINNED_EASYCONFIGS/m/Meson/Meson-1.4.0-GCCcore-13.3.0.eb (module: Meson/1.4.0-GCCcore-13.3.0)
 * [ ] PINNED_EASYCONFIGS/l/libpciaccess/libpciaccess-0.18.1-GCCcore-13.3.0.eb (module: libpciaccess/0.18.1-GCCcore-13.3.0)
 * [ ] PINNED_EASYCONFIGS/h/hwloc/hwloc-2.10.0-GCCcore-13.3.0.eb (module: hwloc/2.10.0-GCCcore-13.3.0)
 * [ ] PINNED_EASYCONFIGS/p/PMIx/PMIx-5.0.2-GCCcore-13.3.0.eb (module: PMIx/5.0.2-GCCcore-13.3.0)
 * [ ] PINNED_EASYCONFIGS/p/PRRTE/PRRTE-3.0.5-GCCcore-13.3.0.eb (module: PRRTE/3.0.5-GCCcore-13.3.0)
 * [ ] PINNED_EASYCONFIGS/u/UCC/UCC-1.3.0-GCCcore-13.3.0.eb (module: UCC/1.3.0-GCCcore-13.3.0)
 * [ ] PINNED_EASYCONFIGS/o/OpenMPI/OpenMPI-5.0.3-GCC-13.3.0.eb (module: OpenMPI/5.0.3-GCC-13.3.0)
 * [ ] PINNED_EASYCONFIGS/g/gompi/gompi-2024a.eb (module: gompi/2024a)
 * [ ] PINNED_EASYCONFIGS/f/FFTW.MPI/FFTW.MPI-3.3.10-gompi-2024a.eb (module: FFTW.MPI/3.3.10-gompi-2024a)
 * [ ] PINNED_EASYCONFIGS/s/ScaLAPACK/ScaLAPACK-2.2.0-gompi-2024a-fb.eb (module: ScaLAPACK/2.2.0-gompi-2024a-fb)
 * [ ] PINNED_EASYCONFIGS/f/foss/foss-2024a.eb (module: foss/2024a)
 * [ ] REPOSITORY_ROOT/packaging/easybuild/voiage-2.2.0-foss-2024a.eb (module: voiage/2.2.0-foss-2024a)
== Temporary log file(s) PRIVATE_TMP have been removed.
== Temporary directory PRIVATE_TMP has been removed.
