== Temporary log file in case of crash <temporary-log>
Dry run: printing build status of easyconfigs and dependencies
 * [ ] <workspace>/.conductor/local/easybuild-scientific-consumers/catalogue/easybuild/easyconfigs/m/M4/M4-1.4.19.eb (module: M4/1.4.19)
 * [ ] <workspace>/.conductor/local/easybuild-scientific-consumers/catalogue/easybuild/easyconfigs/b/Bison/Bison-3.8.2.eb (module: Bison/3.8.2)
 * [ ] <workspace>/.conductor/local/easybuild-scientific-consumers/catalogue/easybuild/easyconfigs/f/flex/flex-2.6.4.eb (module: flex/2.6.4)
 * [ ] <workspace>/.conductor/local/easybuild-scientific-consumers/catalogue/easybuild/easyconfigs/z/zlib/zlib-1.2.13.eb (module: zlib/1.2.13)
 * [ ] <workspace>/.conductor/local/easybuild-scientific-consumers/catalogue/easybuild/easyconfigs/b/binutils/binutils-2.40.eb (module: binutils/2.40)
 * [ ] <workspace>/.conductor/local/easybuild-scientific-consumers/catalogue/easybuild/easyconfigs/g/GCCcore/GCCcore-12.3.0.eb (module: GCCcore/12.3.0)
 * [ ] <workspace>/.conductor/local/easybuild-scientific-consumers/catalogue/easybuild/easyconfigs/z/zlib/zlib-1.2.13-GCCcore-12.3.0.eb (module: zlib/1.2.13-GCCcore-12.3.0)
 * [ ] <workspace>/.conductor/local/easybuild-scientific-consumers/catalogue/easybuild/easyconfigs/h/help2man/help2man-1.49.3-GCCcore-12.3.0.eb (module: help2man/1.49.3-GCCcore-12.3.0)
 * [ ] <workspace>/.conductor/local/easybuild-scientific-consumers/catalogue/easybuild/easyconfigs/m/M4/M4-1.4.19-GCCcore-12.3.0.eb (module: M4/1.4.19-GCCcore-12.3.0)
 * [ ] <workspace>/.conductor/local/easybuild-scientific-consumers/catalogue/easybuild/easyconfigs/b/Bison/Bison-3.8.2-GCCcore-12.3.0.eb (module: Bison/3.8.2-GCCcore-12.3.0)
 * [ ] <workspace>/.conductor/local/easybuild-scientific-consumers/catalogue/easybuild/easyconfigs/f/flex/flex-2.6.4-GCCcore-12.3.0.eb (module: flex/2.6.4-GCCcore-12.3.0)
 * [ ] <workspace>/.conductor/local/easybuild-scientific-consumers/catalogue/easybuild/easyconfigs/b/binutils/binutils-2.40-GCCcore-12.3.0.eb (module: binutils/2.40-GCCcore-12.3.0)
 * [ ] <workspace>/.conductor/local/easybuild-scientific-consumers/catalogue/easybuild/easyconfigs/p/pkgconf/pkgconf-1.9.5-GCCcore-12.3.0.eb (module: pkgconf/1.9.5-GCCcore-12.3.0)
 * [ ] <workspace>/.conductor/local/easybuild-scientific-consumers/catalogue/easybuild/easyconfigs/b/bzip2/bzip2-1.0.8-GCCcore-12.3.0.eb (module: bzip2/1.0.8-GCCcore-12.3.0)
 * [ ] <workspace>/.conductor/local/easybuild-scientific-consumers/catalogue/easybuild/easyconfigs/n/ncurses/ncurses-6.4-GCCcore-12.3.0.eb (module: ncurses/6.4-GCCcore-12.3.0)
 * [ ] <workspace>/.conductor/local/easybuild-scientific-consumers/catalogue/easybuild/easyconfigs/g/GCC/GCC-12.3.0.eb (module: GCC/12.3.0)
 * [ ] <workspace>/.conductor/local/easybuild-scientific-consumers/catalogue/easybuild/easyconfigs/u/UnZip/UnZip-6.0-GCCcore-12.3.0.eb (module: UnZip/6.0-GCCcore-12.3.0)
 * [ ] <workspace>/.conductor/local/easybuild-scientific-consumers/catalogue/easybuild/easyconfigs/l/libreadline/libreadline-8.2-GCCcore-12.3.0.eb (module: libreadline/8.2-GCCcore-12.3.0)
 * [ ] <workspace>/.conductor/local/easybuild-scientific-consumers/catalogue/easybuild/easyconfigs/f/FFTW/FFTW-3.3.10-GCC-12.3.0.eb (module: FFTW/3.3.10-GCC-12.3.0)
 * [ ] <workspace>/.conductor/local/easybuild-scientific-consumers/catalogue/easybuild/easyconfigs/t/Tcl/Tcl-8.6.13-GCCcore-12.3.0.eb (module: Tcl/8.6.13-GCCcore-12.3.0)
 * [ ] <workspace>/.conductor/local/easybuild-scientific-consumers/catalogue/easybuild/easyconfigs/s/SQLite/SQLite-3.42.0-GCCcore-12.3.0.eb (module: SQLite/3.42.0-GCCcore-12.3.0)
 * [ ] <workspace>/.conductor/local/easybuild-scientific-consumers/catalogue/easybuild/easyconfigs/l/libffi/libffi-3.4.4-GCCcore-12.3.0.eb (module: libffi/3.4.4-GCCcore-12.3.0)
 * [ ] <workspace>/.conductor/local/easybuild-scientific-consumers/catalogue/easybuild/easyconfigs/p/Perl/Perl-5.36.1-GCCcore-12.3.0.eb (module: Perl/5.36.1-GCCcore-12.3.0)
 * [ ] <workspace>/.conductor/local/easybuild-scientific-consumers/catalogue/easybuild/easyconfigs/l/lz4/lz4-1.9.4-GCCcore-12.3.0.eb (module: lz4/1.9.4-GCCcore-12.3.0)
 * [ ] <workspace>/.conductor/local/easybuild-scientific-consumers/catalogue/easybuild/easyconfigs/m/make/make-4.4.1-GCCcore-12.3.0.eb (module: make/4.4.1-GCCcore-12.3.0)
 * [ ] <workspace>/.conductor/local/easybuild-scientific-consumers/catalogue/easybuild/easyconfigs/n/ncurses/ncurses-6.3.eb (module: ncurses/6.3)
 * [ ] <workspace>/.conductor/local/easybuild-scientific-consumers/catalogue/easybuild/easyconfigs/g/gettext/gettext-0.21.1.eb (module: gettext/0.21.1)
 * [ ] <workspace>/.conductor/local/easybuild-scientific-consumers/catalogue/easybuild/easyconfigs/x/XZ/XZ-5.4.2-GCCcore-12.3.0.eb (module: XZ/5.4.2-GCCcore-12.3.0)
 * [ ] <workspace>/.conductor/local/easybuild-scientific-consumers/catalogue/easybuild/easyconfigs/l/libxml2/libxml2-2.11.4-GCCcore-12.3.0.eb (module: libxml2/2.11.4-GCCcore-12.3.0)
 * [ ] <workspace>/.conductor/local/easybuild-scientific-consumers/catalogue/easybuild/easyconfigs/z/zlib/zlib-1.3.1.eb (module: zlib/1.3.1)
 * [ ] <workspace>/.conductor/local/easybuild-scientific-consumers/catalogue/easybuild/easyconfigs/g/gzip/gzip-1.12-GCCcore-12.3.0.eb (module: gzip/1.12-GCCcore-12.3.0)
 * [ ] <workspace>/.conductor/local/easybuild-scientific-consumers/catalogue/easybuild/easyconfigs/z/zstd/zstd-1.5.5-GCCcore-12.3.0.eb (module: zstd/1.5.5-GCCcore-12.3.0)
 * [ ] <workspace>/.conductor/local/easybuild-scientific-consumers/catalogue/easybuild/easyconfigs/b/binutils/binutils-2.45.eb (module: binutils/2.45)
 * [ ] <workspace>/.conductor/local/easybuild-scientific-consumers/catalogue/easybuild/easyconfigs/p/Perl/Perl-5.42.0.eb (module: Perl/5.42.0)
 * [ ] <workspace>/.conductor/local/easybuild-scientific-consumers/catalogue/easybuild/easyconfigs/m/M4/M4-1.4.21.eb (module: M4/1.4.21)
 * [ ] <workspace>/.conductor/local/easybuild-scientific-consumers/catalogue/easybuild/easyconfigs/a/Autoconf/Autoconf-2.72.eb (module: Autoconf/2.72)
 * [ ] <workspace>/.conductor/local/easybuild-scientific-consumers/catalogue/easybuild/easyconfigs/a/Automake/Automake-1.18.1.eb (module: Automake/1.18.1)
 * [ ] <workspace>/.conductor/local/easybuild-scientific-consumers/catalogue/easybuild/easyconfigs/l/libtool/libtool-2.5.4.eb (module: libtool/2.5.4)
 * [ ] <workspace>/.conductor/local/easybuild-scientific-consumers/catalogue/easybuild/easyconfigs/a/Autotools/Autotools-20250626.eb (module: Autotools/20250626)
 * [ ] <workspace>/.conductor/local/easybuild-scientific-consumers/catalogue/easybuild/easyconfigs/p/pkgconf/pkgconf-2.5.1.eb (module: pkgconf/2.5.1)
 * [ ] <workspace>/packaging/easybuild-2023a-overlay/2023a/OpenSSL-3.eb (module: OpenSSL/3)
 * [ ] <workspace>/packaging/easybuild-2023a-overlay/2023a/Python-3.12.14-GCCcore-12.3.0.eb (module: Python/3.12.14-GCCcore-12.3.0)
 * [ ] <workspace>/packaging/easybuild-2023a-overlay/2023a/Ninja-1.11.1-GCCcore-12.3.0.eb (module: Ninja/1.11.1-GCCcore-12.3.0)
 * [ ] <workspace>/packaging/easybuild-2023a-overlay/2023a/hatchling-1.24.2-GCCcore-12.3.0.eb (module: hatchling/1.24.2-GCCcore-12.3.0)
 * [ ] <workspace>/packaging/easybuild-2023a-overlay/2023a/cURL-8.0.1-GCCcore-12.3.0.eb (module: cURL/8.0.1-GCCcore-12.3.0)
 * [ ] <workspace>/packaging/easybuild-2023a-overlay/2023a/libarchive-3.6.2-GCCcore-12.3.0.eb (module: libarchive/3.6.2-GCCcore-12.3.0)
 * [ ] <workspace>/packaging/easybuild-2023a-overlay/2023a/BLIS-0.9.0-GCC-12.3.0.eb (module: BLIS/0.9.0-GCC-12.3.0)
 * [ ] <workspace>/packaging/easybuild-2023a-overlay/2023a/OpenBLAS-0.3.23-GCC-12.3.0.eb (module: OpenBLAS/0.3.23-GCC-12.3.0)
 * [ ] <workspace>/packaging/easybuild-2023a-overlay/2023a/ICU-73.2-GCCcore-12.3.0.eb (module: ICU/73.2-GCCcore-12.3.0)
 * [ ] <workspace>/packaging/easybuild-2023a-overlay/2023a/Voiage-scientific-build-support-2.2.0-GCCcore-12.3.0.eb (module: Voiage-scientific-build-support/2.2.0-GCCcore-12.3.0)
 * [ ] <workspace>/packaging/easybuild-2023a-overlay/2023a/Cython-3.0.10-GCCcore-12.3.0.eb (module: Cython/3.0.10-GCCcore-12.3.0)
 * [ ] <workspace>/packaging/easybuild-2023a-overlay/2023a/Meson-1.5.2-GCCcore-12.3.0.eb (module: Meson/1.5.2-GCCcore-12.3.0)
 * [ ] <workspace>/packaging/easybuild-2023a-overlay/2023a/Voiage-Python-support-2.2.0-GCCcore-12.3.0.eb (module: Voiage-Python-support/2.2.0-GCCcore-12.3.0)
 * [ ] <workspace>/packaging/easybuild-2023a-overlay/2023a/hypothesis-6.103.1-GCCcore-12.3.0.eb (module: hypothesis/6.103.1-GCCcore-12.3.0)
 * [ ] <workspace>/packaging/easybuild-2023a-overlay/2023a/CMake-3.26.3-GCCcore-12.3.0.eb (module: CMake/3.26.3-GCCcore-12.3.0)
 * [ ] <workspace>/packaging/easybuild-2023a-overlay/2023a/FlexiBLAS-3.3.1-GCC-12.3.0.eb (module: FlexiBLAS/3.3.1-GCC-12.3.0)
 * [ ] <workspace>/.conductor/local/easybuild-scientific-consumers/catalogue/easybuild/easyconfigs/e/Eigen/Eigen-3.4.0-GCCcore-12.3.0.eb (module: Eigen/3.4.0-GCCcore-12.3.0)
 * [ ] <workspace>/.conductor/local/easybuild-scientific-consumers/catalogue/easybuild/easyconfigs/c/Catch2/Catch2-2.13.9-GCCcore-12.3.0.eb (module: Catch2/2.13.9-GCCcore-12.3.0)
 * [ ] <workspace>/.conductor/local/easybuild-scientific-consumers/catalogue/easybuild/easyconfigs/b/Boost/Boost-1.82.0-GCC-12.3.0.eb (module: Boost/1.82.0-GCC-12.3.0)
 * [ ] <workspace>/packaging/easybuild-2023a-overlay/2023a/meson-python-0.16.0-GCCcore-12.3.0.eb (module: meson-python/0.16.0-GCCcore-12.3.0)
 * [ ] <workspace>/.conductor/local/easybuild-scientific-consumers/catalogue/easybuild/easyconfigs/g/gfbf/gfbf-2023a.eb (module: gfbf/2023a)
 * [ ] <workspace>/packaging/easybuild-2023a-overlay/2023a/pybind11-2.13.6-GCC-12.3.0.eb (module: pybind11/2.13.6-GCC-12.3.0)
 * [ ] <workspace>/packaging/easybuild-2023a-overlay/2023a/SciPy-bundle-2026.09-gfbf-2023a-voiage-2.2.0.eb (module: SciPy-bundle/2026.09-gfbf-2023a-voiage-2.2.0)
 * [ ] <workspace>/packaging/easybuild-2023a-overlay/2023a/Voiage-scientific-consumers-2.2.0-gfbf-2023a.eb (module: Voiage-scientific-consumers/2.2.0-gfbf-2023a)
== Temporary log file(s) <temporary-log> have been removed.
== Temporary directory <temporary-log> has been removed.
