== Temporary log file in case of crash <temporary-log>
Dry run: printing build status of easyconfigs and dependencies
 * [ ] <workspace>/.conductor/local/easybuild-backports/easybuild-easyconfigs-58e8b5a48767cbed1bf5669675d9638580d7259f/easybuild/easyconfigs/m/M4/M4-1.4.19.eb (module: M4/1.4.19)
 * [ ] <workspace>/.conductor/local/easybuild-backports/easybuild-easyconfigs-58e8b5a48767cbed1bf5669675d9638580d7259f/easybuild/easyconfigs/b/Bison/Bison-3.8.2.eb (module: Bison/3.8.2)
 * [ ] <workspace>/.conductor/local/easybuild-backports/easybuild-easyconfigs-58e8b5a48767cbed1bf5669675d9638580d7259f/easybuild/easyconfigs/f/flex/flex-2.6.4.eb (module: flex/2.6.4)
 * [ ] <workspace>/.conductor/local/easybuild-backports/easybuild-easyconfigs-58e8b5a48767cbed1bf5669675d9638580d7259f/easybuild/easyconfigs/z/zlib/zlib-1.3.1.eb (module: zlib/1.3.1)
 * [ ] <workspace>/.conductor/local/easybuild-backports/easybuild-easyconfigs-58e8b5a48767cbed1bf5669675d9638580d7259f/easybuild/easyconfigs/b/binutils/binutils-2.42.eb (module: binutils/2.42)
 * [ ] <workspace>/.conductor/local/easybuild-backports/easybuild-easyconfigs-58e8b5a48767cbed1bf5669675d9638580d7259f/easybuild/easyconfigs/g/GCCcore/GCCcore-13.3.0.eb (module: GCCcore/13.3.0)
 * [ ] <workspace>/.conductor/local/easybuild-backports/easybuild-easyconfigs-58e8b5a48767cbed1bf5669675d9638580d7259f/easybuild/easyconfigs/h/help2man/help2man-1.49.3-GCCcore-13.3.0.eb (module: help2man/1.49.3-GCCcore-13.3.0)
 * [ ] <workspace>/.conductor/local/easybuild-backports/easybuild-easyconfigs-58e8b5a48767cbed1bf5669675d9638580d7259f/easybuild/easyconfigs/m/M4/M4-1.4.19-GCCcore-13.3.0.eb (module: M4/1.4.19-GCCcore-13.3.0)
 * [ ] <workspace>/.conductor/local/easybuild-backports/easybuild-easyconfigs-58e8b5a48767cbed1bf5669675d9638580d7259f/easybuild/easyconfigs/z/zlib/zlib-1.3.1-GCCcore-13.3.0.eb (module: zlib/1.3.1-GCCcore-13.3.0)
 * [ ] <workspace>/.conductor/local/easybuild-backports/easybuild-easyconfigs-58e8b5a48767cbed1bf5669675d9638580d7259f/easybuild/easyconfigs/b/Bison/Bison-3.8.2-GCCcore-13.3.0.eb (module: Bison/3.8.2-GCCcore-13.3.0)
 * [ ] <workspace>/.conductor/local/easybuild-backports/easybuild-easyconfigs-58e8b5a48767cbed1bf5669675d9638580d7259f/easybuild/easyconfigs/f/flex/flex-2.6.4-GCCcore-13.3.0.eb (module: flex/2.6.4-GCCcore-13.3.0)
 * [ ] <workspace>/.conductor/local/easybuild-backports/easybuild-easyconfigs-58e8b5a48767cbed1bf5669675d9638580d7259f/easybuild/easyconfigs/b/binutils/binutils-2.42-GCCcore-13.3.0.eb (module: binutils/2.42-GCCcore-13.3.0)
 * [ ] <workspace>/.conductor/local/easybuild-backports/easybuild-easyconfigs-58e8b5a48767cbed1bf5669675d9638580d7259f/easybuild/easyconfigs/b/bzip2/bzip2-1.0.8-GCCcore-13.3.0.eb (module: bzip2/1.0.8-GCCcore-13.3.0)
 * [ ] <workspace>/.conductor/local/easybuild-backports/easybuild-easyconfigs-58e8b5a48767cbed1bf5669675d9638580d7259f/easybuild/easyconfigs/p/pkgconf/pkgconf-2.2.0-GCCcore-13.3.0.eb (module: pkgconf/2.2.0-GCCcore-13.3.0)
 * [ ] <workspace>/.conductor/local/easybuild-backports/easybuild-easyconfigs-58e8b5a48767cbed1bf5669675d9638580d7259f/easybuild/easyconfigs/n/ncurses/ncurses-6.5-GCCcore-13.3.0.eb (module: ncurses/6.5-GCCcore-13.3.0)
 * [ ] <workspace>/.conductor/local/easybuild-backports/easybuild-easyconfigs-58e8b5a48767cbed1bf5669675d9638580d7259f/easybuild/easyconfigs/u/UnZip/UnZip-6.0-GCCcore-13.3.0.eb (module: UnZip/6.0-GCCcore-13.3.0)
 * [ ] <workspace>/.conductor/local/easybuild-backports/easybuild-easyconfigs-58e8b5a48767cbed1bf5669675d9638580d7259f/easybuild/easyconfigs/l/libreadline/libreadline-8.2-GCCcore-13.3.0.eb (module: libreadline/8.2-GCCcore-13.3.0)
 * [ ] <workspace>/.conductor/local/easybuild-backports/easybuild-easyconfigs-58e8b5a48767cbed1bf5669675d9638580d7259f/easybuild/easyconfigs/g/GCC/GCC-13.3.0.eb (module: GCC/13.3.0)
 * [ ] <workspace>/.conductor/local/easybuild-backports/easybuild-easyconfigs-58e8b5a48767cbed1bf5669675d9638580d7259f/easybuild/easyconfigs/t/Tcl/Tcl-8.6.14-GCCcore-13.3.0.eb (module: Tcl/8.6.14-GCCcore-13.3.0)
 * [ ] <workspace>/.conductor/local/easybuild-backports/easybuild-easyconfigs-58e8b5a48767cbed1bf5669675d9638580d7259f/easybuild/easyconfigs/s/SQLite/SQLite-3.45.3-GCCcore-13.3.0.eb (module: SQLite/3.45.3-GCCcore-13.3.0)
 * [ ] <workspace>/.conductor/local/easybuild-backports/easybuild-easyconfigs-58e8b5a48767cbed1bf5669675d9638580d7259f/easybuild/easyconfigs/l/libffi/libffi-3.4.5-GCCcore-13.3.0.eb (module: libffi/3.4.5-GCCcore-13.3.0)
 * [ ] <workspace>/.conductor/local/easybuild-backports/easybuild-easyconfigs-58e8b5a48767cbed1bf5669675d9638580d7259f/easybuild/easyconfigs/f/FFTW/FFTW-3.3.10-GCC-13.3.0.eb (module: FFTW/3.3.10-GCC-13.3.0)
 * [ ] <workspace>/.conductor/local/easybuild-backports/easybuild-easyconfigs-58e8b5a48767cbed1bf5669675d9638580d7259f/easybuild/easyconfigs/l/lz4/lz4-1.9.4-GCCcore-13.3.0.eb (module: lz4/1.9.4-GCCcore-13.3.0)
 * [ ] <workspace>/.conductor/local/easybuild-backports/easybuild-easyconfigs-58e8b5a48767cbed1bf5669675d9638580d7259f/easybuild/easyconfigs/n/ncurses/ncurses-6.5.eb (module: ncurses/6.5)
 * [ ] <workspace>/.conductor/local/easybuild-backports/easybuild-easyconfigs-58e8b5a48767cbed1bf5669675d9638580d7259f/easybuild/easyconfigs/p/Perl/Perl-5.38.2-GCCcore-13.3.0.eb (module: Perl/5.38.2-GCCcore-13.3.0)
 * [ ] <workspace>/.conductor/local/easybuild-backports/easybuild-easyconfigs-58e8b5a48767cbed1bf5669675d9638580d7259f/easybuild/easyconfigs/b/binutils/binutils-2.45.eb (module: binutils/2.45)
 * [ ] <workspace>/.conductor/local/easybuild-backports/easybuild-easyconfigs-58e8b5a48767cbed1bf5669675d9638580d7259f/easybuild/easyconfigs/g/gettext/gettext-0.22.5.eb (module: gettext/0.22.5)
 * [ ] <workspace>/.conductor/local/easybuild-backports/easybuild-easyconfigs-58e8b5a48767cbed1bf5669675d9638580d7259f/easybuild/easyconfigs/p/Perl/Perl-5.42.0.eb (module: Perl/5.42.0)
 * [ ] <workspace>/.conductor/local/easybuild-backports/easybuild-easyconfigs-58e8b5a48767cbed1bf5669675d9638580d7259f/easybuild/easyconfigs/x/XZ/XZ-5.4.5-GCCcore-13.3.0.eb (module: XZ/5.4.5-GCCcore-13.3.0)
 * [ ] <workspace>/.conductor/local/easybuild-backports/easybuild-easyconfigs-58e8b5a48767cbed1bf5669675d9638580d7259f/easybuild/easyconfigs/l/libxml2/libxml2-2.12.7-GCCcore-13.3.0.eb (module: libxml2/2.12.7-GCCcore-13.3.0)
 * [ ] <workspace>/.conductor/local/easybuild-backports/easybuild-easyconfigs-58e8b5a48767cbed1bf5669675d9638580d7259f/easybuild/easyconfigs/m/make/make-4.4.1-GCCcore-13.3.0.eb (module: make/4.4.1-GCCcore-13.3.0)
 * [ ] <workspace>/.conductor/local/easybuild-backports/easybuild-easyconfigs-58e8b5a48767cbed1bf5669675d9638580d7259f/easybuild/easyconfigs/e/expat/expat-2.6.2-GCCcore-13.3.0.eb (module: expat/2.6.2-GCCcore-13.3.0)
 * [ ] <workspace>/.conductor/local/easybuild-backports/easybuild-easyconfigs-58e8b5a48767cbed1bf5669675d9638580d7259f/easybuild/easyconfigs/g/gzip/gzip-1.13-GCCcore-13.3.0.eb (module: gzip/1.13-GCCcore-13.3.0)
 * [ ] <workspace>/.conductor/local/easybuild-backports/easybuild-easyconfigs-58e8b5a48767cbed1bf5669675d9638580d7259f/easybuild/easyconfigs/a/Autoconf/Autoconf-2.72-GCCcore-13.3.0.eb (module: Autoconf/2.72-GCCcore-13.3.0)
 * [ ] <workspace>/.conductor/local/easybuild-backports/easybuild-easyconfigs-58e8b5a48767cbed1bf5669675d9638580d7259f/easybuild/easyconfigs/z/zstd/zstd-1.5.6-GCCcore-13.3.0.eb (module: zstd/1.5.6-GCCcore-13.3.0)
 * [ ] <workspace>/.conductor/local/easybuild-backports/easybuild-easyconfigs-58e8b5a48767cbed1bf5669675d9638580d7259f/easybuild/easyconfigs/a/Automake/Automake-1.16.5-GCCcore-13.3.0.eb (module: Automake/1.16.5-GCCcore-13.3.0)
 * [ ] <workspace>/.conductor/local/easybuild-backports/easybuild-easyconfigs-58e8b5a48767cbed1bf5669675d9638580d7259f/easybuild/easyconfigs/m/M4/M4-1.4.21.eb (module: M4/1.4.21)
 * [ ] <workspace>/.conductor/local/easybuild-backports/easybuild-easyconfigs-58e8b5a48767cbed1bf5669675d9638580d7259f/easybuild/easyconfigs/a/Autoconf/Autoconf-2.72.eb (module: Autoconf/2.72)
 * [ ] <workspace>/.conductor/local/easybuild-backports/easybuild-easyconfigs-58e8b5a48767cbed1bf5669675d9638580d7259f/easybuild/easyconfigs/a/Automake/Automake-1.18.1.eb (module: Automake/1.18.1)
 * [ ] <workspace>/.conductor/local/easybuild-backports/easybuild-easyconfigs-58e8b5a48767cbed1bf5669675d9638580d7259f/easybuild/easyconfigs/l/libtool/libtool-2.5.4.eb (module: libtool/2.5.4)
 * [ ] <workspace>/.conductor/local/easybuild-backports/easybuild-easyconfigs-58e8b5a48767cbed1bf5669675d9638580d7259f/easybuild/easyconfigs/l/libtool/libtool-2.4.7-GCCcore-13.3.0.eb (module: libtool/2.4.7-GCCcore-13.3.0)
 * [ ] <workspace>/.conductor/local/easybuild-backports/easybuild-easyconfigs-58e8b5a48767cbed1bf5669675d9638580d7259f/easybuild/easyconfigs/l/libiconv/libiconv-1.17-GCCcore-13.3.0.eb (module: libiconv/1.17-GCCcore-13.3.0)
 * [ ] <workspace>/.conductor/local/easybuild-backports/easybuild-easyconfigs-58e8b5a48767cbed1bf5669675d9638580d7259f/easybuild/easyconfigs/a/Autotools/Autotools-20250626.eb (module: Autotools/20250626)
 * [ ] <workspace>/.conductor/local/easybuild-backports/easybuild-easyconfigs-58e8b5a48767cbed1bf5669675d9638580d7259f/easybuild/easyconfigs/a/Autotools/Autotools-20231222-GCCcore-13.3.0.eb (module: Autotools/20231222-GCCcore-13.3.0)
 * [ ] <workspace>/.conductor/local/easybuild-backports/easybuild-easyconfigs-58e8b5a48767cbed1bf5669675d9638580d7259f/easybuild/easyconfigs/g/gettext/gettext-0.22.5-GCCcore-13.3.0.eb (module: gettext/0.22.5-GCCcore-13.3.0)
 * [ ] <workspace>/.conductor/local/easybuild-backports/easybuild-easyconfigs-58e8b5a48767cbed1bf5669675d9638580d7259f/easybuild/easyconfigs/p/patchelf/patchelf-0.18.0-GCCcore-13.3.0.eb (module: patchelf/0.18.0-GCCcore-13.3.0)
 * [ ] <workspace>/.conductor/local/easybuild-backports/easybuild-easyconfigs-58e8b5a48767cbed1bf5669675d9638580d7259f/easybuild/easyconfigs/p/pkgconf/pkgconf-2.5.1.eb (module: pkgconf/2.5.1)
 * [ ] <workspace>/.conductor/local/easybuild-backports/easybuild-easyconfigs-58e8b5a48767cbed1bf5669675d9638580d7259f/easybuild/easyconfigs/o/OpenSSL/OpenSSL-3.eb (module: OpenSSL/3)
 * [ ] <workspace>/packaging/easybuild-overlay/2024a/Python-3.12.3-GCCcore-13.3.0.eb (module: Python/3.12.3-GCCcore-13.3.0)
 * [ ] <workspace>/.conductor/local/easybuild-backports/easybuild-easyconfigs-58e8b5a48767cbed1bf5669675d9638580d7259f/easybuild/easyconfigs/n/Ninja/Ninja-1.12.1-GCCcore-13.3.0.eb (module: Ninja/1.12.1-GCCcore-13.3.0)
 * [ ] <workspace>/.conductor/local/easybuild-backports/easybuild-easyconfigs-58e8b5a48767cbed1bf5669675d9638580d7259f/easybuild/easyconfigs/c/Cython/Cython-3.0.10-GCCcore-13.3.0.eb (module: Cython/3.0.10-GCCcore-13.3.0)
 * [ ] <workspace>/.conductor/local/easybuild-backports/easybuild-easyconfigs-58e8b5a48767cbed1bf5669675d9638580d7259f/easybuild/easyconfigs/c/cURL/cURL-8.7.1-GCCcore-13.3.0.eb (module: cURL/8.7.1-GCCcore-13.3.0)
 * [ ] <workspace>/.conductor/local/easybuild-backports/easybuild-easyconfigs-58e8b5a48767cbed1bf5669675d9638580d7259f/easybuild/easyconfigs/l/libarchive/libarchive-3.7.4-GCCcore-13.3.0.eb (module: libarchive/3.7.4-GCCcore-13.3.0)
 * [ ] <workspace>/.conductor/local/easybuild-backports/easybuild-easyconfigs-58e8b5a48767cbed1bf5669675d9638580d7259f/easybuild/easyconfigs/b/BLIS/BLIS-1.0-GCC-13.3.0.eb (module: BLIS/1.0-GCC-13.3.0)
 * [ ] <workspace>/.conductor/local/easybuild-backports/easybuild-easyconfigs-58e8b5a48767cbed1bf5669675d9638580d7259f/easybuild/easyconfigs/o/OpenBLAS/OpenBLAS-0.3.27-GCC-13.3.0.eb (module: OpenBLAS/0.3.27-GCC-13.3.0)
 * [ ] <workspace>/.conductor/local/easybuild-backports/easybuild-easyconfigs-58e8b5a48767cbed1bf5669675d9638580d7259f/easybuild/easyconfigs/g/git/git-2.45.1-GCCcore-13.3.0.eb (module: git/2.45.1-GCCcore-13.3.0)
 * [ ] <workspace>/.conductor/local/easybuild-backports/easybuild-easyconfigs-58e8b5a48767cbed1bf5669675d9638580d7259f/easybuild/easyconfigs/i/ICU/ICU-75.1-GCCcore-13.3.0.eb (module: ICU/75.1-GCCcore-13.3.0)
 * [ ] <workspace>/.conductor/local/easybuild-backports/easybuild-easyconfigs-58e8b5a48767cbed1bf5669675d9638580d7259f/easybuild/easyconfigs/s/setuptools-rust/setuptools-rust-1.9.0-GCCcore-13.3.0.eb (module: setuptools-rust/1.9.0-GCCcore-13.3.0)
 * [ ] <workspace>/packaging/easybuild-overlay/2024a/Meson-1.5.2-GCCcore-13.3.0.eb (module: Meson/1.5.2-GCCcore-13.3.0)
 * [ ] <workspace>/.conductor/local/easybuild-backports/easybuild-easyconfigs-58e8b5a48767cbed1bf5669675d9638580d7259f/easybuild/easyconfigs/h/hatchling/hatchling-1.24.2-GCCcore-13.3.0.eb (module: hatchling/1.24.2-GCCcore-13.3.0)
 * [ ] <workspace>/packaging/easybuild-overlay/2024a/meson-python-0.16.0-GCCcore-13.3.0.eb (module: meson-python/0.16.0-GCCcore-13.3.0)
 * [ ] <workspace>/packaging/easybuild-overlay/2024a/Voiage-Python-support-2.2.0-GCCcore-13.3.0.eb (module: Voiage-Python-support/2.2.0-GCCcore-13.3.0)
 * [ ] <workspace>/.conductor/local/easybuild-backports/easybuild-easyconfigs-58e8b5a48767cbed1bf5669675d9638580d7259f/easybuild/easyconfigs/c/CMake/CMake-3.29.3-GCCcore-13.3.0.eb (module: CMake/3.29.3-GCCcore-13.3.0)
 * [ ] <workspace>/.conductor/local/easybuild-backports/easybuild-easyconfigs-58e8b5a48767cbed1bf5669675d9638580d7259f/easybuild/easyconfigs/e/Eigen/Eigen-3.4.0-GCCcore-13.3.0.eb (module: Eigen/3.4.0-GCCcore-13.3.0)
 * [ ] <workspace>/.conductor/local/easybuild-backports/easybuild-easyconfigs-58e8b5a48767cbed1bf5669675d9638580d7259f/easybuild/easyconfigs/c/Catch2/Catch2-2.13.10-GCCcore-13.3.0.eb (module: Catch2/2.13.10-GCCcore-13.3.0)
 * [ ] <workspace>/.conductor/local/easybuild-backports/easybuild-easyconfigs-58e8b5a48767cbed1bf5669675d9638580d7259f/easybuild/easyconfigs/f/FlexiBLAS/FlexiBLAS-3.4.4-GCC-13.3.0.eb (module: FlexiBLAS/3.4.4-GCC-13.3.0)
 * [ ] <workspace>/.conductor/local/easybuild-backports/easybuild-easyconfigs-58e8b5a48767cbed1bf5669675d9638580d7259f/easybuild/easyconfigs/b/Boost/Boost-1.85.0-GCC-13.3.0.eb (module: Boost/1.85.0-GCC-13.3.0)
 * [ ] <workspace>/.conductor/local/easybuild-backports/easybuild-easyconfigs-58e8b5a48767cbed1bf5669675d9638580d7259f/easybuild/easyconfigs/s/scikit-build/scikit-build-0.17.6-GCCcore-13.3.0.eb (module: scikit-build/0.17.6-GCCcore-13.3.0)
 * [ ] <workspace>/.conductor/local/easybuild-backports/easybuild-easyconfigs-58e8b5a48767cbed1bf5669675d9638580d7259f/easybuild/easyconfigs/f/flit/flit-3.9.0-GCCcore-13.3.0.eb (module: flit/3.9.0-GCCcore-13.3.0)
 * [ ] <workspace>/.conductor/local/easybuild-backports/easybuild-easyconfigs-58e8b5a48767cbed1bf5669675d9638580d7259f/easybuild/easyconfigs/r/Rust/Rust-1.78.0-GCCcore-13.3.0.eb (module: Rust/1.78.0-GCCcore-13.3.0)
 * [ ] <workspace>/packaging/easybuild-overlay/2024a/hypothesis-6.103.1-GCCcore-13.3.0.eb (module: hypothesis/6.103.1-GCCcore-13.3.0)
 * [ ] <workspace>/.conductor/local/easybuild-backports/easybuild-easyconfigs-58e8b5a48767cbed1bf5669675d9638580d7259f/easybuild/easyconfigs/g/gfbf/gfbf-2024a.eb (module: gfbf/2024a)
 * [ ] <workspace>/.conductor/local/easybuild-backports/easybuild-easyconfigs-58e8b5a48767cbed1bf5669675d9638580d7259f/easybuild/easyconfigs/m/maturin/maturin-1.6.0-GCCcore-13.3.0.eb (module: maturin/1.6.0-GCCcore-13.3.0)
 * [ ] <workspace>/.conductor/local/easybuild-backports/easybuild-easyconfigs-58e8b5a48767cbed1bf5669675d9638580d7259f/easybuild/easyconfigs/v/virtualenv/virtualenv-20.26.2-GCCcore-13.3.0.eb (module: virtualenv/20.26.2-GCCcore-13.3.0)
 * [ ] <workspace>/.conductor/local/easybuild-backports/easybuild-easyconfigs-58e8b5a48767cbed1bf5669675d9638580d7259f/easybuild/easyconfigs/c/cffi/cffi-1.16.0-GCCcore-13.3.0.eb (module: cffi/1.16.0-GCCcore-13.3.0)
 * [ ] <workspace>/.conductor/local/easybuild-backports/easybuild-easyconfigs-58e8b5a48767cbed1bf5669675d9638580d7259f/easybuild/easyconfigs/c/cryptography/cryptography-42.0.8-GCCcore-13.3.0.eb (module: cryptography/42.0.8-GCCcore-13.3.0)
 * [ ] <workspace>/.conductor/local/easybuild-backports/easybuild-easyconfigs-58e8b5a48767cbed1bf5669675d9638580d7259f/easybuild/easyconfigs/b/build/build-1.2.2.post1-GCCcore-13.3.0.eb (module: build/1.2.2.post1-GCCcore-13.3.0)
 * [ ] <workspace>/.conductor/local/easybuild-backports/easybuild-easyconfigs-58e8b5a48767cbed1bf5669675d9638580d7259f/easybuild/easyconfigs/p/poetry/poetry-1.8.3-GCCcore-13.3.0.eb (module: poetry/1.8.3-GCCcore-13.3.0)
 * [ ] <workspace>/.conductor/local/easybuild-backports/easybuild-easyconfigs-58e8b5a48767cbed1bf5669675d9638580d7259f/easybuild/easyconfigs/p/Python-bundle-PyPI/Python-bundle-PyPI-2024.06-GCCcore-13.3.0.eb (module: Python-bundle-PyPI/2024.06-GCCcore-13.3.0)
 * [ ] <workspace>/.conductor/local/easybuild-backports/easybuild-easyconfigs-58e8b5a48767cbed1bf5669675d9638580d7259f/easybuild/easyconfigs/p/pybind11/pybind11-2.13.6-GCC-13.3.0.eb (module: pybind11/2.13.6-GCC-13.3.0)
 * [ ] <workspace>/packaging/easybuild-overlay/2024a/SciPy-bundle-2026.09-gfbf-2024a-voiage-2.2.0.eb (module: SciPy-bundle/2026.09-gfbf-2024a-voiage-2.2.0)
== Temporary log file(s) <temporary-log> have been removed.
== Temporary directory <temporary-log> has been removed.
