
WARNING: Deprecated functionality, will no longer work in EasyBuild v6.0: Support for Environment Modules version < 3.999 is deprecated, found version 3.2.10; see https://docs.easybuild.io/deprecated-functionality/ for more information

== Temporary log file in case of crash REPOSITORY/.conductor/local/easybuild-2023a-polars/tmp/eb-qa2uje6i/easybuild-tgz0sg3c.log
Dry run: printing build status of easyconfigs and dependencies
 * [ ] PINNED_EASYCONFIGS/m/M4/M4-1.4.19.eb (module: M4/1.4.19)
 * [ ] PINNED_EASYCONFIGS/b/Bison/Bison-3.8.2.eb (module: Bison/3.8.2)
 * [ ] PINNED_EASYCONFIGS/f/flex/flex-2.6.4.eb (module: flex/2.6.4)
 * [ ] PINNED_EASYCONFIGS/z/zlib/zlib-1.2.13.eb (module: zlib/1.2.13)
 * [ ] PINNED_EASYCONFIGS/b/binutils/binutils-2.40.eb (module: binutils/2.40)
 * [ ] PINNED_EASYCONFIGS/g/GCCcore/GCCcore-12.3.0.eb (module: GCCcore/12.3.0)
 * [ ] PINNED_EASYCONFIGS/z/zlib/zlib-1.2.13-GCCcore-12.3.0.eb (module: zlib/1.2.13-GCCcore-12.3.0)
 * [ ] PINNED_EASYCONFIGS/h/help2man/help2man-1.49.3-GCCcore-12.3.0.eb (module: help2man/1.49.3-GCCcore-12.3.0)
 * [ ] PINNED_EASYCONFIGS/m/M4/M4-1.4.19-GCCcore-12.3.0.eb (module: M4/1.4.19-GCCcore-12.3.0)
 * [ ] PINNED_EASYCONFIGS/b/Bison/Bison-3.8.2-GCCcore-12.3.0.eb (module: Bison/3.8.2-GCCcore-12.3.0)
 * [ ] PINNED_EASYCONFIGS/f/flex/flex-2.6.4-GCCcore-12.3.0.eb (module: flex/2.6.4-GCCcore-12.3.0)
 * [ ] PINNED_EASYCONFIGS/b/binutils/binutils-2.40-GCCcore-12.3.0.eb (module: binutils/2.40-GCCcore-12.3.0)
 * [ ] PINNED_EASYCONFIGS/b/bzip2/bzip2-1.0.8-GCCcore-12.3.0.eb (module: bzip2/1.0.8-GCCcore-12.3.0)
 * [ ] PINNED_EASYCONFIGS/t/Tcl/Tcl-8.6.13-GCCcore-12.3.0.eb (module: Tcl/8.6.13-GCCcore-12.3.0)
 * [ ] PINNED_EASYCONFIGS/u/UnZip/UnZip-6.0-GCCcore-12.3.0.eb (module: UnZip/6.0-GCCcore-12.3.0)
 * [ ] PINNED_EASYCONFIGS/p/pkgconf/pkgconf-1.9.5-GCCcore-12.3.0.eb (module: pkgconf/1.9.5-GCCcore-12.3.0)
 * [ ] PINNED_EASYCONFIGS/n/ncurses/ncurses-6.4-GCCcore-12.3.0.eb (module: ncurses/6.4-GCCcore-12.3.0)
 * [ ] PINNED_EASYCONFIGS/l/libreadline/libreadline-8.2-GCCcore-12.3.0.eb (module: libreadline/8.2-GCCcore-12.3.0)
 * [ ] PINNED_EASYCONFIGS/s/SQLite/SQLite-3.42.0-GCCcore-12.3.0.eb (module: SQLite/3.42.0-GCCcore-12.3.0)
 * [ ] PINNED_EASYCONFIGS/l/libffi/libffi-3.4.4-GCCcore-12.3.0.eb (module: libffi/3.4.4-GCCcore-12.3.0)
 * [ ] PINNED_EASYCONFIGS/p/Perl/Perl-5.36.1-GCCcore-12.3.0.eb (module: Perl/5.36.1-GCCcore-12.3.0)
 * [ ] PINNED_EASYCONFIGS/a/Autoconf/Autoconf-2.71-GCCcore-12.3.0.eb (module: Autoconf/2.71-GCCcore-12.3.0)
 * [ ] PINNED_EASYCONFIGS/a/Automake/Automake-1.16.5-GCCcore-12.3.0.eb (module: Automake/1.16.5-GCCcore-12.3.0)
 * [ ] PINNED_EASYCONFIGS/l/lz4/lz4-1.9.4-GCCcore-12.3.0.eb (module: lz4/1.9.4-GCCcore-12.3.0)
 * [ ] PINNED_EASYCONFIGS/l/libtool/libtool-2.4.7-GCCcore-12.3.0.eb (module: libtool/2.4.7-GCCcore-12.3.0)
 * [ ] PINNED_EASYCONFIGS/z/zlib/zlib-1.3.1.eb (module: zlib/1.3.1)
 * [ ] PINNED_EASYCONFIGS/n/ncurses/ncurses-6.3.eb (module: ncurses/6.3)
 * [ ] PINNED_EASYCONFIGS/a/Autotools/Autotools-20220317-GCCcore-12.3.0.eb (module: Autotools/20220317-GCCcore-12.3.0)
 * [ ] PINNED_EASYCONFIGS/g/gettext/gettext-0.21.1.eb (module: gettext/0.21.1)
 * [ ] PINNED_EASYCONFIGS/b/binutils/binutils-2.45.eb (module: binutils/2.45)
 * [ ] PINNED_EASYCONFIGS/p/patchelf/patchelf-0.18.0-GCCcore-12.3.0.eb (module: patchelf/0.18.0-GCCcore-12.3.0)
 * [ ] PINNED_EASYCONFIGS/x/XZ/XZ-5.4.2-GCCcore-12.3.0.eb (module: XZ/5.4.2-GCCcore-12.3.0)
 * [ ] PINNED_EASYCONFIGS/p/Perl/Perl-5.42.0.eb (module: Perl/5.42.0)
 * [ ] PINNED_EASYCONFIGS/l/libxml2/libxml2-2.11.4-GCCcore-12.3.0.eb (module: libxml2/2.11.4-GCCcore-12.3.0)
 * [ ] PINNED_EASYCONFIGS/g/gzip/gzip-1.12-GCCcore-12.3.0.eb (module: gzip/1.12-GCCcore-12.3.0)
 * [ ] PINNED_EASYCONFIGS/m/M4/M4-1.4.21.eb (module: M4/1.4.21)
 * [ ] PINNED_EASYCONFIGS/z/zstd/zstd-1.5.5-GCCcore-12.3.0.eb (module: zstd/1.5.5-GCCcore-12.3.0)
 * [ ] PINNED_EASYCONFIGS/a/Autoconf/Autoconf-2.72.eb (module: Autoconf/2.72)
 * [ ] PINNED_EASYCONFIGS/a/Automake/Automake-1.18.1.eb (module: Automake/1.18.1)
 * [ ] PINNED_EASYCONFIGS/l/libtool/libtool-2.5.4.eb (module: libtool/2.5.4)
 * [ ] PINNED_EASYCONFIGS/a/Autotools/Autotools-20250626.eb (module: Autotools/20250626)
 * [ ] PINNED_EASYCONFIGS/p/pkgconf/pkgconf-2.5.1.eb (module: pkgconf/2.5.1)
 * [ ] REPOSITORY/packaging/easybuild-2023a-overlay/2023a/OpenSSL-3.eb (module: OpenSSL/3)
 * [ ] REPOSITORY/packaging/easybuild-2023a-overlay/2023a/libarchive-3.6.2-GCCcore-12.3.0.eb (module: libarchive/3.6.2-GCCcore-12.3.0)
 * [ ] REPOSITORY/packaging/easybuild-2023a-overlay/2023a/Python-3.12.14-GCCcore-12.3.0.eb (module: Python/3.12.14-GCCcore-12.3.0)
 * [ ] REPOSITORY/packaging/easybuild-2023a-overlay/2023a/Ninja-1.11.1-GCCcore-12.3.0.eb (module: Ninja/1.11.1-GCCcore-12.3.0)
 * [ ] REPOSITORY/packaging/easybuild-2023a-rust-overlay/2023a/Voiage-Rust-build-support-2.2.0-GCCcore-12.3.0.eb (module: Voiage-Rust-build-support/2.2.0-GCCcore-12.3.0)
 * [ ] REPOSITORY/packaging/easybuild-2023a-overlay/2023a/cURL-8.0.1-GCCcore-12.3.0.eb (module: cURL/8.0.1-GCCcore-12.3.0)
 * [ ] REPOSITORY/packaging/easybuild-2023a-rust-overlay/2023a/setuptools-rust-1.12.0-GCCcore-12.3.0.eb (module: setuptools-rust/1.12.0-GCCcore-12.3.0)
 * [ ] REPOSITORY/packaging/easybuild-2023a-overlay/2023a/CMake-3.26.3-GCCcore-12.3.0.eb (module: CMake/3.26.3-GCCcore-12.3.0)
 * [ ] REPOSITORY/packaging/easybuild-2023a-rust-overlay/2023a/Rust-1.96.0-GCCcore-12.3.0.eb (module: Rust/1.96.0-GCCcore-12.3.0)
 * [ ] REPOSITORY/packaging/easybuild-2023a-polars-overlay/2023a/Rust-nightly-2026-04-01-GCCcore-12.3.0.eb (module: Rust-nightly/2026-04-01-GCCcore-12.3.0)
 * [ ] REPOSITORY/packaging/easybuild-2023a-rust-overlay/2023a/maturin-1.13.1-GCCcore-12.3.0.eb (module: maturin/1.13.1-GCCcore-12.3.0)
 * [ ] REPOSITORY/packaging/easybuild-2023a-polars-overlay/2023a/polars-runtime-32-1.42.1-GCCcore-12.3.0.eb (module: polars-runtime-32/1.42.1-GCCcore-12.3.0)
 * [ ] REPOSITORY/packaging/easybuild-2023a-polars-overlay/2023a/polars-1.42.1-GCCcore-12.3.0.eb (module: polars/1.42.1-GCCcore-12.3.0)
== Temporary log file(s) REPOSITORY/.conductor/local/easybuild-2023a-polars/tmp/eb-qa2uje6i/easybuild-tgz0sg3c.log* have been removed.
== Temporary directory REPOSITORY/.conductor/local/easybuild-2023a-polars/tmp/eb-qa2uje6i has been removed.
