== Temporary log file in case of crash /var/folders/m9/_g3wndrn04d80ys2382r700r0000gn/T/eb-wqyvunig/easybuild-xzoz9hql.log
Dry run: printing build status of easyconfigs and dependencies
 * [ ] /Volumes/PortableSSD/GitHub/.worktrees/voiage-goal-easybuild-backports-20260901/.conductor/local/easybuild-backports/easybuild-easyconfigs-58e8b5a48767cbed1bf5669675d9638580d7259f/easybuild/easyconfigs/m/M4/M4-1.4.19.eb (module: M4/1.4.19)
 * [ ] /Volumes/PortableSSD/GitHub/.worktrees/voiage-goal-easybuild-backports-20260901/.conductor/local/easybuild-backports/easybuild-easyconfigs-58e8b5a48767cbed1bf5669675d9638580d7259f/easybuild/easyconfigs/b/Bison/Bison-3.8.2.eb (module: Bison/3.8.2)
 * [ ] /Volumes/PortableSSD/GitHub/.worktrees/voiage-goal-easybuild-backports-20260901/.conductor/local/easybuild-backports/easybuild-easyconfigs-58e8b5a48767cbed1bf5669675d9638580d7259f/easybuild/easyconfigs/f/flex/flex-2.6.4.eb (module: flex/2.6.4)
 * [ ] /Volumes/PortableSSD/GitHub/.worktrees/voiage-goal-easybuild-backports-20260901/.conductor/local/easybuild-backports/easybuild-easyconfigs-58e8b5a48767cbed1bf5669675d9638580d7259f/easybuild/easyconfigs/z/zlib/zlib-1.3.1.eb (module: zlib/1.3.1)
 * [ ] /Volumes/PortableSSD/GitHub/.worktrees/voiage-goal-easybuild-backports-20260901/.conductor/local/easybuild-backports/easybuild-easyconfigs-58e8b5a48767cbed1bf5669675d9638580d7259f/easybuild/easyconfigs/b/binutils/binutils-2.42.eb (module: binutils/2.42)
 * [ ] /Volumes/PortableSSD/GitHub/.worktrees/voiage-goal-easybuild-backports-20260901/.conductor/local/easybuild-backports/easybuild-easyconfigs-58e8b5a48767cbed1bf5669675d9638580d7259f/easybuild/easyconfigs/g/GCCcore/GCCcore-13.3.0.eb (module: GCCcore/13.3.0)
 * [ ] /Volumes/PortableSSD/GitHub/.worktrees/voiage-goal-easybuild-backports-20260901/.conductor/local/easybuild-backports/easybuild-easyconfigs-58e8b5a48767cbed1bf5669675d9638580d7259f/easybuild/easyconfigs/h/help2man/help2man-1.49.3-GCCcore-13.3.0.eb (module: help2man/1.49.3-GCCcore-13.3.0)
 * [ ] /Volumes/PortableSSD/GitHub/.worktrees/voiage-goal-easybuild-backports-20260901/.conductor/local/easybuild-backports/easybuild-easyconfigs-58e8b5a48767cbed1bf5669675d9638580d7259f/easybuild/easyconfigs/m/M4/M4-1.4.19-GCCcore-13.3.0.eb (module: M4/1.4.19-GCCcore-13.3.0)
 * [ ] /Volumes/PortableSSD/GitHub/.worktrees/voiage-goal-easybuild-backports-20260901/.conductor/local/easybuild-backports/easybuild-easyconfigs-58e8b5a48767cbed1bf5669675d9638580d7259f/easybuild/easyconfigs/z/zlib/zlib-1.3.1-GCCcore-13.3.0.eb (module: zlib/1.3.1-GCCcore-13.3.0)
 * [ ] /Volumes/PortableSSD/GitHub/.worktrees/voiage-goal-easybuild-backports-20260901/.conductor/local/easybuild-backports/easybuild-easyconfigs-58e8b5a48767cbed1bf5669675d9638580d7259f/easybuild/easyconfigs/b/Bison/Bison-3.8.2-GCCcore-13.3.0.eb (module: Bison/3.8.2-GCCcore-13.3.0)
 * [ ] /Volumes/PortableSSD/GitHub/.worktrees/voiage-goal-easybuild-backports-20260901/.conductor/local/easybuild-backports/easybuild-easyconfigs-58e8b5a48767cbed1bf5669675d9638580d7259f/easybuild/easyconfigs/f/flex/flex-2.6.4-GCCcore-13.3.0.eb (module: flex/2.6.4-GCCcore-13.3.0)
 * [ ] /Volumes/PortableSSD/GitHub/.worktrees/voiage-goal-easybuild-backports-20260901/.conductor/local/easybuild-backports/easybuild-easyconfigs-58e8b5a48767cbed1bf5669675d9638580d7259f/easybuild/easyconfigs/b/binutils/binutils-2.42-GCCcore-13.3.0.eb (module: binutils/2.42-GCCcore-13.3.0)
 * [ ] /Volumes/PortableSSD/GitHub/.worktrees/voiage-goal-easybuild-backports-20260901/.conductor/local/easybuild-backports/easybuild-easyconfigs-58e8b5a48767cbed1bf5669675d9638580d7259f/easybuild/easyconfigs/p/pkgconf/pkgconf-2.2.0-GCCcore-13.3.0.eb (module: pkgconf/2.2.0-GCCcore-13.3.0)
 * [ ] /Volumes/PortableSSD/GitHub/.worktrees/voiage-goal-easybuild-backports-20260901/.conductor/local/easybuild-backports/easybuild-easyconfigs-58e8b5a48767cbed1bf5669675d9638580d7259f/easybuild/easyconfigs/n/ncurses/ncurses-6.5-GCCcore-13.3.0.eb (module: ncurses/6.5-GCCcore-13.3.0)
 * [ ] /Volumes/PortableSSD/GitHub/.worktrees/voiage-goal-easybuild-backports-20260901/.conductor/local/easybuild-backports/easybuild-easyconfigs-58e8b5a48767cbed1bf5669675d9638580d7259f/easybuild/easyconfigs/b/bzip2/bzip2-1.0.8-GCCcore-13.3.0.eb (module: bzip2/1.0.8-GCCcore-13.3.0)
 * [ ] /Volumes/PortableSSD/GitHub/.worktrees/voiage-goal-easybuild-backports-20260901/.conductor/local/easybuild-backports/easybuild-easyconfigs-58e8b5a48767cbed1bf5669675d9638580d7259f/easybuild/easyconfigs/l/libreadline/libreadline-8.2-GCCcore-13.3.0.eb (module: libreadline/8.2-GCCcore-13.3.0)
 * [ ] /Volumes/PortableSSD/GitHub/.worktrees/voiage-goal-easybuild-backports-20260901/.conductor/local/easybuild-backports/easybuild-easyconfigs-58e8b5a48767cbed1bf5669675d9638580d7259f/easybuild/easyconfigs/t/Tcl/Tcl-8.6.14-GCCcore-13.3.0.eb (module: Tcl/8.6.14-GCCcore-13.3.0)
 * [ ] /Volumes/PortableSSD/GitHub/.worktrees/voiage-goal-easybuild-backports-20260901/.conductor/local/easybuild-backports/easybuild-easyconfigs-58e8b5a48767cbed1bf5669675d9638580d7259f/easybuild/easyconfigs/u/UnZip/UnZip-6.0-GCCcore-13.3.0.eb (module: UnZip/6.0-GCCcore-13.3.0)
 * [ ] /Volumes/PortableSSD/GitHub/.worktrees/voiage-goal-easybuild-backports-20260901/.conductor/local/easybuild-backports/easybuild-easyconfigs-58e8b5a48767cbed1bf5669675d9638580d7259f/easybuild/easyconfigs/s/SQLite/SQLite-3.45.3-GCCcore-13.3.0.eb (module: SQLite/3.45.3-GCCcore-13.3.0)
 * [ ] /Volumes/PortableSSD/GitHub/.worktrees/voiage-goal-easybuild-backports-20260901/.conductor/local/easybuild-backports/easybuild-easyconfigs-58e8b5a48767cbed1bf5669675d9638580d7259f/easybuild/easyconfigs/l/libffi/libffi-3.4.5-GCCcore-13.3.0.eb (module: libffi/3.4.5-GCCcore-13.3.0)
 * [ ] /Volumes/PortableSSD/GitHub/.worktrees/voiage-goal-easybuild-backports-20260901/.conductor/local/easybuild-backports/easybuild-easyconfigs-58e8b5a48767cbed1bf5669675d9638580d7259f/easybuild/easyconfigs/b/binutils/binutils-2.45.eb (module: binutils/2.45)
 * [ ] /Volumes/PortableSSD/GitHub/.worktrees/voiage-goal-easybuild-backports-20260901/.conductor/local/easybuild-backports/easybuild-easyconfigs-58e8b5a48767cbed1bf5669675d9638580d7259f/easybuild/easyconfigs/p/Perl/Perl-5.42.0.eb (module: Perl/5.42.0)
 * [ ] /Volumes/PortableSSD/GitHub/.worktrees/voiage-goal-easybuild-backports-20260901/.conductor/local/easybuild-backports/easybuild-easyconfigs-58e8b5a48767cbed1bf5669675d9638580d7259f/easybuild/easyconfigs/l/lz4/lz4-1.9.4-GCCcore-13.3.0.eb (module: lz4/1.9.4-GCCcore-13.3.0)
 * [ ] /Volumes/PortableSSD/GitHub/.worktrees/voiage-goal-easybuild-backports-20260901/.conductor/local/easybuild-backports/easybuild-easyconfigs-58e8b5a48767cbed1bf5669675d9638580d7259f/easybuild/easyconfigs/n/ncurses/ncurses-6.5.eb (module: ncurses/6.5)
 * [ ] /Volumes/PortableSSD/GitHub/.worktrees/voiage-goal-easybuild-backports-20260901/.conductor/local/easybuild-backports/easybuild-easyconfigs-58e8b5a48767cbed1bf5669675d9638580d7259f/easybuild/easyconfigs/g/gettext/gettext-0.22.5.eb (module: gettext/0.22.5)
 * [ ] /Volumes/PortableSSD/GitHub/.worktrees/voiage-goal-easybuild-backports-20260901/.conductor/local/easybuild-backports/easybuild-easyconfigs-58e8b5a48767cbed1bf5669675d9638580d7259f/easybuild/easyconfigs/x/XZ/XZ-5.4.5-GCCcore-13.3.0.eb (module: XZ/5.4.5-GCCcore-13.3.0)
 * [ ] /Volumes/PortableSSD/GitHub/.worktrees/voiage-goal-easybuild-backports-20260901/.conductor/local/easybuild-backports/easybuild-easyconfigs-58e8b5a48767cbed1bf5669675d9638580d7259f/easybuild/easyconfigs/l/libxml2/libxml2-2.12.7-GCCcore-13.3.0.eb (module: libxml2/2.12.7-GCCcore-13.3.0)
 * [ ] /Volumes/PortableSSD/GitHub/.worktrees/voiage-goal-easybuild-backports-20260901/.conductor/local/easybuild-backports/easybuild-easyconfigs-58e8b5a48767cbed1bf5669675d9638580d7259f/easybuild/easyconfigs/g/gzip/gzip-1.13-GCCcore-13.3.0.eb (module: gzip/1.13-GCCcore-13.3.0)
 * [ ] /Volumes/PortableSSD/GitHub/.worktrees/voiage-goal-easybuild-backports-20260901/.conductor/local/easybuild-backports/easybuild-easyconfigs-58e8b5a48767cbed1bf5669675d9638580d7259f/easybuild/easyconfigs/p/Perl/Perl-5.38.2-GCCcore-13.3.0.eb (module: Perl/5.38.2-GCCcore-13.3.0)
 * [ ] /Volumes/PortableSSD/GitHub/.worktrees/voiage-goal-easybuild-backports-20260901/.conductor/local/easybuild-backports/easybuild-easyconfigs-58e8b5a48767cbed1bf5669675d9638580d7259f/easybuild/easyconfigs/z/zstd/zstd-1.5.6-GCCcore-13.3.0.eb (module: zstd/1.5.6-GCCcore-13.3.0)
 * [ ] /Volumes/PortableSSD/GitHub/.worktrees/voiage-goal-easybuild-backports-20260901/.conductor/local/easybuild-backports/easybuild-easyconfigs-58e8b5a48767cbed1bf5669675d9638580d7259f/easybuild/easyconfigs/a/Autoconf/Autoconf-2.72-GCCcore-13.3.0.eb (module: Autoconf/2.72-GCCcore-13.3.0)
 * [ ] /Volumes/PortableSSD/GitHub/.worktrees/voiage-goal-easybuild-backports-20260901/.conductor/local/easybuild-backports/easybuild-easyconfigs-58e8b5a48767cbed1bf5669675d9638580d7259f/easybuild/easyconfigs/a/Automake/Automake-1.16.5-GCCcore-13.3.0.eb (module: Automake/1.16.5-GCCcore-13.3.0)
 * [ ] /Volumes/PortableSSD/GitHub/.worktrees/voiage-goal-easybuild-backports-20260901/.conductor/local/easybuild-backports/easybuild-easyconfigs-58e8b5a48767cbed1bf5669675d9638580d7259f/easybuild/easyconfigs/g/GCC/GCC-13.3.0.eb (module: GCC/13.3.0)
 * [ ] /Volumes/PortableSSD/GitHub/.worktrees/voiage-goal-easybuild-backports-20260901/.conductor/local/easybuild-backports/easybuild-easyconfigs-58e8b5a48767cbed1bf5669675d9638580d7259f/easybuild/easyconfigs/l/libtool/libtool-2.4.7-GCCcore-13.3.0.eb (module: libtool/2.4.7-GCCcore-13.3.0)
 * [ ] /Volumes/PortableSSD/GitHub/.worktrees/voiage-goal-easybuild-backports-20260901/.conductor/local/easybuild-backports/easybuild-easyconfigs-58e8b5a48767cbed1bf5669675d9638580d7259f/easybuild/easyconfigs/m/M4/M4-1.4.21.eb (module: M4/1.4.21)
 * [ ] /Volumes/PortableSSD/GitHub/.worktrees/voiage-goal-easybuild-backports-20260901/.conductor/local/easybuild-backports/easybuild-easyconfigs-58e8b5a48767cbed1bf5669675d9638580d7259f/easybuild/easyconfigs/a/Autotools/Autotools-20231222-GCCcore-13.3.0.eb (module: Autotools/20231222-GCCcore-13.3.0)
 * [ ] /Volumes/PortableSSD/GitHub/.worktrees/voiage-goal-easybuild-backports-20260901/.conductor/local/easybuild-backports/easybuild-easyconfigs-58e8b5a48767cbed1bf5669675d9638580d7259f/easybuild/easyconfigs/a/Autoconf/Autoconf-2.72.eb (module: Autoconf/2.72)
 * [ ] /Volumes/PortableSSD/GitHub/.worktrees/voiage-goal-easybuild-backports-20260901/.conductor/local/easybuild-backports/easybuild-easyconfigs-58e8b5a48767cbed1bf5669675d9638580d7259f/easybuild/easyconfigs/a/Automake/Automake-1.18.1.eb (module: Automake/1.18.1)
 * [ ] /Volumes/PortableSSD/GitHub/.worktrees/voiage-goal-easybuild-backports-20260901/.conductor/local/easybuild-backports/easybuild-easyconfigs-58e8b5a48767cbed1bf5669675d9638580d7259f/easybuild/easyconfigs/p/patchelf/patchelf-0.18.0-GCCcore-13.3.0.eb (module: patchelf/0.18.0-GCCcore-13.3.0)
 * [ ] /Volumes/PortableSSD/GitHub/.worktrees/voiage-goal-easybuild-backports-20260901/.conductor/local/easybuild-backports/easybuild-easyconfigs-58e8b5a48767cbed1bf5669675d9638580d7259f/easybuild/easyconfigs/l/libtool/libtool-2.5.4.eb (module: libtool/2.5.4)
 * [ ] /Volumes/PortableSSD/GitHub/.worktrees/voiage-goal-easybuild-backports-20260901/.conductor/local/easybuild-backports/easybuild-easyconfigs-58e8b5a48767cbed1bf5669675d9638580d7259f/easybuild/easyconfigs/a/Autotools/Autotools-20250626.eb (module: Autotools/20250626)
 * [ ] /Volumes/PortableSSD/GitHub/.worktrees/voiage-goal-easybuild-backports-20260901/.conductor/local/easybuild-backports/easybuild-easyconfigs-58e8b5a48767cbed1bf5669675d9638580d7259f/easybuild/easyconfigs/p/pkgconf/pkgconf-2.5.1.eb (module: pkgconf/2.5.1)
 * [ ] /Volumes/PortableSSD/GitHub/.worktrees/voiage-goal-easybuild-2024a-arrow-20260901/packaging/easybuild-overlay/2024a/OpenSSL-3.eb (module: OpenSSL/3)
 * [ ] /Volumes/PortableSSD/GitHub/.worktrees/voiage-goal-easybuild-2024a-arrow-20260901/packaging/easybuild-overlay/2024a/Python-3.12.14-GCCcore-13.3.0.eb (module: Python/3.12.14-GCCcore-13.3.0)
 * [ ] /Volumes/PortableSSD/GitHub/.worktrees/voiage-goal-easybuild-2024a-arrow-20260901/packaging/easybuild-2024a-arrow-overlay/2024a/Cython-3.1.8-GCCcore-13.3.0.eb (module: Cython/3.1.8-GCCcore-13.3.0)
 * [ ] /Volumes/PortableSSD/GitHub/.worktrees/voiage-goal-easybuild-backports-20260901/.conductor/local/easybuild-backports/easybuild-easyconfigs-58e8b5a48767cbed1bf5669675d9638580d7259f/easybuild/easyconfigs/c/cURL/cURL-8.7.1-GCCcore-13.3.0.eb (module: cURL/8.7.1-GCCcore-13.3.0)
 * [ ] /Volumes/PortableSSD/GitHub/.worktrees/voiage-goal-easybuild-2024a-arrow-20260901/packaging/easybuild-overlay/2024a/hatchling-1.24.2-GCCcore-13.3.0.eb (module: hatchling/1.24.2-GCCcore-13.3.0)
 * [ ] /Volumes/PortableSSD/GitHub/.worktrees/voiage-goal-easybuild-backports-20260901/.conductor/local/easybuild-backports/easybuild-easyconfigs-58e8b5a48767cbed1bf5669675d9638580d7259f/easybuild/easyconfigs/l/libarchive/libarchive-3.7.4-GCCcore-13.3.0.eb (module: libarchive/3.7.4-GCCcore-13.3.0)
 * [ ] /Volumes/PortableSSD/GitHub/.worktrees/voiage-goal-easybuild-2024a-arrow-20260901/packaging/easybuild-overlay/2024a/Voiage-Python-support-2.2.0-GCCcore-13.3.0.eb (module: Voiage-Python-support/2.2.0-GCCcore-13.3.0)
 * [ ] /Volumes/PortableSSD/GitHub/.worktrees/voiage-goal-easybuild-2024a-arrow-20260901/packaging/easybuild-overlay/2024a/ICU-75.1-GCCcore-13.3.0.eb (module: ICU/75.1-GCCcore-13.3.0)
 * [ ] /Volumes/PortableSSD/GitHub/.worktrees/voiage-goal-easybuild-2024a-arrow-20260901/packaging/easybuild-overlay/2024a/Cython-3.0.10-GCCcore-13.3.0.eb (module: Cython/3.0.10-GCCcore-13.3.0)
 * [ ] /Volumes/PortableSSD/GitHub/.worktrees/voiage-goal-easybuild-backports-20260901/.conductor/local/easybuild-backports/easybuild-easyconfigs-58e8b5a48767cbed1bf5669675d9638580d7259f/easybuild/easyconfigs/c/CMake/CMake-3.29.3-GCCcore-13.3.0.eb (module: CMake/3.29.3-GCCcore-13.3.0)
 * [ ] /Volumes/PortableSSD/GitHub/.worktrees/voiage-goal-easybuild-2024a-arrow-20260901/packaging/easybuild-overlay/2024a/Ninja-1.12.1-GCCcore-13.3.0.eb (module: Ninja/1.12.1-GCCcore-13.3.0)
 * [ ] /Volumes/PortableSSD/GitHub/.worktrees/voiage-goal-easybuild-2024a-arrow-20260901/packaging/easybuild-2024a-arrow-overlay/2024a/Voiage-Arrow-build-support-25.0.1-GCCcore-13.3.0.eb (module: Voiage-Arrow-build-support/25.0.1-GCCcore-13.3.0)
 * [ ] /Volumes/PortableSSD/GitHub/.worktrees/voiage-goal-easybuild-2024a-arrow-20260901/packaging/easybuild-2024a-arrow-overlay/2024a/xsimd-14.2.0-GCCcore-13.3.0.eb (module: xsimd/14.2.0-GCCcore-13.3.0)
 * [ ] /Volumes/PortableSSD/GitHub/.worktrees/voiage-goal-easybuild-2024a-arrow-20260901/packaging/easybuild-2024a-arrow-overlay/2024a/Rust-1.96.0-GCCcore-13.3.0.eb (module: Rust/1.96.0-GCCcore-13.3.0)
 * [ ] /Volumes/PortableSSD/GitHub/.worktrees/voiage-goal-easybuild-backports-20260901/.conductor/local/easybuild-backports/easybuild-easyconfigs-58e8b5a48767cbed1bf5669675d9638580d7259f/easybuild/easyconfigs/b/Boost/Boost-1.85.0-GCC-13.3.0.eb (module: Boost/1.85.0-GCC-13.3.0)
 * [ ] /Volumes/PortableSSD/GitHub/.worktrees/voiage-goal-easybuild-2024a-arrow-20260901/packaging/easybuild-overlay/2024a/hypothesis-6.103.1-GCCcore-13.3.0.eb (module: hypothesis/6.103.1-GCCcore-13.3.0)
 * [ ] /Volumes/PortableSSD/GitHub/.worktrees/voiage-goal-easybuild-2024a-arrow-20260901/packaging/easybuild-overlay/2024a/Meson-1.5.2-GCCcore-13.3.0.eb (module: Meson/1.5.2-GCCcore-13.3.0)
 * [ ] /Volumes/PortableSSD/GitHub/.worktrees/voiage-goal-easybuild-backports-20260901/.conductor/local/easybuild-backports/easybuild-easyconfigs-58e8b5a48767cbed1bf5669675d9638580d7259f/easybuild/easyconfigs/s/snappy/snappy-1.2.1-GCCcore-13.3.0.eb (module: snappy/1.2.1-GCCcore-13.3.0)
 * [ ] /Volumes/PortableSSD/GitHub/.worktrees/voiage-goal-easybuild-2024a-arrow-20260901/packaging/easybuild-overlay/2024a/meson-python-0.16.0-GCCcore-13.3.0.eb (module: meson-python/0.16.0-GCCcore-13.3.0)
 * [ ] /Volumes/PortableSSD/GitHub/.worktrees/voiage-goal-easybuild-backports-20260901/.conductor/local/easybuild-backports/easybuild-easyconfigs-58e8b5a48767cbed1bf5669675d9638580d7259f/easybuild/easyconfigs/r/RapidJSON/RapidJSON-1.1.0-20240815-GCCcore-13.3.0.eb (module: RapidJSON/1.1.0-20240815-GCCcore-13.3.0)
 * [ ] /Volumes/PortableSSD/GitHub/.worktrees/voiage-goal-easybuild-2024a-arrow-20260901/packaging/easybuild-2024a-arrow-overlay/2024a/libcst-1.8.6-GCCcore-13.3.0.eb (module: libcst/1.8.6-GCCcore-13.3.0)
 * [ ] /Volumes/PortableSSD/GitHub/.worktrees/voiage-goal-easybuild-backports-20260901/.conductor/local/easybuild-backports/easybuild-easyconfigs-58e8b5a48767cbed1bf5669675d9638580d7259f/easybuild/easyconfigs/u/utf8proc/utf8proc-2.9.0-GCCcore-13.3.0.eb (module: utf8proc/2.9.0-GCCcore-13.3.0)
 * [ ] /Volumes/PortableSSD/GitHub/.worktrees/voiage-goal-easybuild-backports-20260901/.conductor/local/easybuild-backports/easybuild-easyconfigs-58e8b5a48767cbed1bf5669675d9638580d7259f/easybuild/easyconfigs/a/Abseil/Abseil-20240722.0-GCCcore-13.3.0.eb (module: Abseil/20240722.0-GCCcore-13.3.0)
 * [ ] /Volumes/PortableSSD/GitHub/.worktrees/voiage-goal-easybuild-backports-20260901/.conductor/local/easybuild-backports/easybuild-easyconfigs-58e8b5a48767cbed1bf5669675d9638580d7259f/easybuild/easyconfigs/e/Eigen/Eigen-3.4.0-GCCcore-13.3.0.eb (module: Eigen/3.4.0-GCCcore-13.3.0)
 * [ ] /Volumes/PortableSSD/GitHub/.worktrees/voiage-goal-easybuild-backports-20260901/.conductor/local/easybuild-backports/easybuild-easyconfigs-58e8b5a48767cbed1bf5669675d9638580d7259f/easybuild/easyconfigs/r/RE2/RE2-2024-07-02-GCCcore-13.3.0.eb (module: RE2/2024-07-02-GCCcore-13.3.0)
 * [ ] /Volumes/PortableSSD/GitHub/.worktrees/voiage-goal-easybuild-2024a-arrow-20260901/packaging/easybuild-2024a-arrow-overlay/2024a/Thrift-0.22.0-GCC-13.3.0.eb (module: Thrift/0.22.0-GCC-13.3.0)
 * [ ] /Volumes/PortableSSD/GitHub/.worktrees/voiage-goal-easybuild-backports-20260901/.conductor/local/easybuild-backports/easybuild-easyconfigs-58e8b5a48767cbed1bf5669675d9638580d7259f/easybuild/easyconfigs/c/Catch2/Catch2-2.13.10-GCCcore-13.3.0.eb (module: Catch2/2.13.10-GCCcore-13.3.0)
 * [ ] /Volumes/PortableSSD/GitHub/.worktrees/voiage-goal-easybuild-2024a-arrow-20260901/packaging/easybuild-overlay/2024a/pybind11-2.13.6-GCC-13.3.0.eb (module: pybind11/2.13.6-GCC-13.3.0)
 * [ ] /Volumes/PortableSSD/GitHub/.worktrees/voiage-goal-easybuild-backports-20260901/.conductor/local/easybuild-backports/easybuild-easyconfigs-58e8b5a48767cbed1bf5669675d9638580d7259f/easybuild/easyconfigs/f/FFTW/FFTW-3.3.10-GCC-13.3.0.eb (module: FFTW/3.3.10-GCC-13.3.0)
 * [ ] /Volumes/PortableSSD/GitHub/.worktrees/voiage-goal-easybuild-2024a-arrow-20260901/packaging/easybuild-overlay/2024a/BLIS-1.0-GCC-13.3.0.eb (module: BLIS/1.0-GCC-13.3.0)
 * [ ] /Volumes/PortableSSD/GitHub/.worktrees/voiage-goal-easybuild-backports-20260901/.conductor/local/easybuild-backports/easybuild-easyconfigs-58e8b5a48767cbed1bf5669675d9638580d7259f/easybuild/easyconfigs/m/make/make-4.4.1-GCCcore-13.3.0.eb (module: make/4.4.1-GCCcore-13.3.0)
 * [ ] /Volumes/PortableSSD/GitHub/.worktrees/voiage-goal-easybuild-2024a-arrow-20260901/packaging/easybuild-overlay/2024a/OpenBLAS-0.3.27-GCC-13.3.0.eb (module: OpenBLAS/0.3.27-GCC-13.3.0)
 * [ ] /Volumes/PortableSSD/GitHub/.worktrees/voiage-goal-easybuild-2024a-arrow-20260901/packaging/easybuild-overlay/2024a/FlexiBLAS-3.4.4-GCC-13.3.0.eb (module: FlexiBLAS/3.4.4-GCC-13.3.0)
 * [ ] /Volumes/PortableSSD/GitHub/.worktrees/voiage-goal-easybuild-backports-20260901/.conductor/local/easybuild-backports/easybuild-easyconfigs-58e8b5a48767cbed1bf5669675d9638580d7259f/easybuild/easyconfigs/g/gfbf/gfbf-2024a.eb (module: gfbf/2024a)
 * [ ] /Volumes/PortableSSD/GitHub/.worktrees/voiage-goal-easybuild-2024a-arrow-20260901/packaging/easybuild-overlay/2024a/SciPy-bundle-2026.09-gfbf-2024a-voiage-2.2.0.eb (module: SciPy-bundle/2026.09-gfbf-2024a-voiage-2.2.0)
 * [ ] /Volumes/PortableSSD/GitHub/.worktrees/voiage-goal-easybuild-2024a-arrow-20260901/packaging/easybuild-2024a-arrow-overlay/2024a/Arrow-25.0.1-gfbf-2024a.eb (module: Arrow/25.0.1-gfbf-2024a)
== Temporary log file(s) /var/folders/m9/_g3wndrn04d80ys2382r700r0000gn/T/eb-wqyvunig/easybuild-xzoz9hql.log* have been removed.
== Temporary directory /var/folders/m9/_g3wndrn04d80ys2382r700r0000gn/T/eb-wqyvunig has been removed.
