Dry run: printing build status of easyconfigs and dependencies
 * [ ] PINNED_EASYCONFIGS/easybuild/easyconfigs/m/M4/M4-1.4.19.eb (module: M4/1.4.19)
 * [ ] PINNED_EASYCONFIGS/easybuild/easyconfigs/b/Bison/Bison-3.8.2.eb (module: Bison/3.8.2)
 * [ ] PINNED_EASYCONFIGS/easybuild/easyconfigs/f/flex/flex-2.6.4.eb (module: flex/2.6.4)
 * [ ] PINNED_EASYCONFIGS/easybuild/easyconfigs/z/zlib/zlib-1.3.1.eb (module: zlib/1.3.1)
 * [ ] PINNED_EASYCONFIGS/easybuild/easyconfigs/b/binutils/binutils-2.42.eb (module: binutils/2.42)
 * [ ] PINNED_EASYCONFIGS/easybuild/easyconfigs/g/GCCcore/GCCcore-13.3.0.eb (module: GCCcore/13.3.0)
 * [ ] PINNED_EASYCONFIGS/easybuild/easyconfigs/z/zlib/zlib-1.3.1-GCCcore-13.3.0.eb (module: zlib/1.3.1-GCCcore-13.3.0)
 * [ ] PINNED_EASYCONFIGS/easybuild/easyconfigs/h/help2man/help2man-1.49.3-GCCcore-13.3.0.eb (module: help2man/1.49.3-GCCcore-13.3.0)
 * [ ] PINNED_EASYCONFIGS/easybuild/easyconfigs/m/M4/M4-1.4.19-GCCcore-13.3.0.eb (module: M4/1.4.19-GCCcore-13.3.0)
 * [ ] PINNED_EASYCONFIGS/easybuild/easyconfigs/b/Bison/Bison-3.8.2-GCCcore-13.3.0.eb (module: Bison/3.8.2-GCCcore-13.3.0)
 * [ ] PINNED_EASYCONFIGS/easybuild/easyconfigs/f/flex/flex-2.6.4-GCCcore-13.3.0.eb (module: flex/2.6.4-GCCcore-13.3.0)
 * [ ] PINNED_EASYCONFIGS/easybuild/easyconfigs/b/binutils/binutils-2.42-GCCcore-13.3.0.eb (module: binutils/2.42-GCCcore-13.3.0)
 * [ ] PINNED_EASYCONFIGS/easybuild/easyconfigs/b/bzip2/bzip2-1.0.8-GCCcore-13.3.0.eb (module: bzip2/1.0.8-GCCcore-13.3.0)
 * [ ] PINNED_EASYCONFIGS/easybuild/easyconfigs/t/Tcl/Tcl-8.6.14-GCCcore-13.3.0.eb (module: Tcl/8.6.14-GCCcore-13.3.0)
 * [ ] PINNED_EASYCONFIGS/easybuild/easyconfigs/u/UnZip/UnZip-6.0-GCCcore-13.3.0.eb (module: UnZip/6.0-GCCcore-13.3.0)
 * [ ] PINNED_EASYCONFIGS/easybuild/easyconfigs/p/pkgconf/pkgconf-2.2.0-GCCcore-13.3.0.eb (module: pkgconf/2.2.0-GCCcore-13.3.0)
 * [ ] PINNED_EASYCONFIGS/easybuild/easyconfigs/n/ncurses/ncurses-6.5-GCCcore-13.3.0.eb (module: ncurses/6.5-GCCcore-13.3.0)
 * [ ] PINNED_EASYCONFIGS/easybuild/easyconfigs/l/libreadline/libreadline-8.2-GCCcore-13.3.0.eb (module: libreadline/8.2-GCCcore-13.3.0)
 * [ ] PINNED_EASYCONFIGS/easybuild/easyconfigs/s/SQLite/SQLite-3.45.3-GCCcore-13.3.0.eb (module: SQLite/3.45.3-GCCcore-13.3.0)
 * [ ] PINNED_EASYCONFIGS/easybuild/easyconfigs/l/libffi/libffi-3.4.5-GCCcore-13.3.0.eb (module: libffi/3.4.5-GCCcore-13.3.0)
 * [ ] PINNED_EASYCONFIGS/easybuild/easyconfigs/b/binutils/binutils-2.45.eb (module: binutils/2.45)
 * [ ] PINNED_EASYCONFIGS/easybuild/easyconfigs/p/Perl/Perl-5.38.2-GCCcore-13.3.0.eb (module: Perl/5.38.2-GCCcore-13.3.0)
 * [ ] PINNED_EASYCONFIGS/easybuild/easyconfigs/a/Autoconf/Autoconf-2.72-GCCcore-13.3.0.eb (module: Autoconf/2.72-GCCcore-13.3.0)
 * [ ] PINNED_EASYCONFIGS/easybuild/easyconfigs/p/Perl/Perl-5.42.0.eb (module: Perl/5.42.0)
 * [ ] PINNED_EASYCONFIGS/easybuild/easyconfigs/a/Automake/Automake-1.16.5-GCCcore-13.3.0.eb (module: Automake/1.16.5-GCCcore-13.3.0)
 * [ ] PINNED_EASYCONFIGS/easybuild/easyconfigs/l/lz4/lz4-1.9.4-GCCcore-13.3.0.eb (module: lz4/1.9.4-GCCcore-13.3.0)
 * [ ] PINNED_EASYCONFIGS/easybuild/easyconfigs/l/libtool/libtool-2.4.7-GCCcore-13.3.0.eb (module: libtool/2.4.7-GCCcore-13.3.0)
 * [ ] PINNED_EASYCONFIGS/easybuild/easyconfigs/n/ncurses/ncurses-6.5.eb (module: ncurses/6.5)
 * [ ] PINNED_EASYCONFIGS/easybuild/easyconfigs/a/Autotools/Autotools-20231222-GCCcore-13.3.0.eb (module: Autotools/20231222-GCCcore-13.3.0)
 * [ ] PINNED_EASYCONFIGS/easybuild/easyconfigs/g/gettext/gettext-0.22.5.eb (module: gettext/0.22.5)
 * [ ] PINNED_EASYCONFIGS/easybuild/easyconfigs/p/patchelf/patchelf-0.18.0-GCCcore-13.3.0.eb (module: patchelf/0.18.0-GCCcore-13.3.0)
 * [ ] PINNED_EASYCONFIGS/easybuild/easyconfigs/x/XZ/XZ-5.4.5-GCCcore-13.3.0.eb (module: XZ/5.4.5-GCCcore-13.3.0)
 * [ ] PINNED_EASYCONFIGS/easybuild/easyconfigs/l/libxml2/libxml2-2.12.7-GCCcore-13.3.0.eb (module: libxml2/2.12.7-GCCcore-13.3.0)
 * [ ] PINNED_EASYCONFIGS/easybuild/easyconfigs/g/gzip/gzip-1.13-GCCcore-13.3.0.eb (module: gzip/1.13-GCCcore-13.3.0)
 * [ ] PINNED_EASYCONFIGS/easybuild/easyconfigs/m/M4/M4-1.4.21.eb (module: M4/1.4.21)
 * [ ] PINNED_EASYCONFIGS/easybuild/easyconfigs/z/zstd/zstd-1.5.6-GCCcore-13.3.0.eb (module: zstd/1.5.6-GCCcore-13.3.0)
 * [ ] PINNED_EASYCONFIGS/easybuild/easyconfigs/a/Autoconf/Autoconf-2.72.eb (module: Autoconf/2.72)
 * [ ] PINNED_EASYCONFIGS/easybuild/easyconfigs/a/Automake/Automake-1.18.1.eb (module: Automake/1.18.1)
 * [ ] PINNED_EASYCONFIGS/easybuild/easyconfigs/l/libtool/libtool-2.5.4.eb (module: libtool/2.5.4)
 * [ ] PINNED_EASYCONFIGS/easybuild/easyconfigs/a/Autotools/Autotools-20250626.eb (module: Autotools/20250626)
 * [ ] PINNED_EASYCONFIGS/easybuild/easyconfigs/p/pkgconf/pkgconf-2.5.1.eb (module: pkgconf/2.5.1)
 * [ ] REPOSITORY_ROOT/packaging/easybuild-overlay/2024a/OpenSSL-3.eb (module: OpenSSL/3)
 * [ ] PINNED_EASYCONFIGS/easybuild/easyconfigs/l/libarchive/libarchive-3.7.4-GCCcore-13.3.0.eb (module: libarchive/3.7.4-GCCcore-13.3.0)
 * [ ] REPOSITORY_ROOT/packaging/easybuild-overlay/2024a/Python-3.12.14-GCCcore-13.3.0.eb (module: Python/3.12.14-GCCcore-13.3.0)
 * [ ] REPOSITORY_ROOT/packaging/easybuild-overlay/2024a/Ninja-1.12.1-GCCcore-13.3.0.eb (module: Ninja/1.12.1-GCCcore-13.3.0)
 * [ ] REPOSITORY_ROOT/packaging/easybuild-2024a-rust-overlay/2024a/Voiage-Rust-build-support-2.2.0-GCCcore-13.3.0.eb (module: Voiage-Rust-build-support/2.2.0-GCCcore-13.3.0)
 * [ ] PINNED_EASYCONFIGS/easybuild/easyconfigs/c/cURL/cURL-8.7.1-GCCcore-13.3.0.eb (module: cURL/8.7.1-GCCcore-13.3.0)
 * [ ] REPOSITORY_ROOT/packaging/easybuild-2024a-rust-overlay/2024a/setuptools-rust-1.12.0-GCCcore-13.3.0.eb (module: setuptools-rust/1.12.0-GCCcore-13.3.0)
 * [ ] PINNED_EASYCONFIGS/easybuild/easyconfigs/c/CMake/CMake-3.29.3-GCCcore-13.3.0.eb (module: CMake/3.29.3-GCCcore-13.3.0)
 * [ ] REPOSITORY_ROOT/packaging/easybuild-2024a-rust-overlay/2024a/Rust-1.96.0-GCCcore-13.3.0.eb (module: Rust/1.96.0-GCCcore-13.3.0)
 * [ ] REPOSITORY_ROOT/packaging/easybuild-2024a-polars-overlay/2024a/Rust-nightly-2026-04-01-GCCcore-13.3.0.eb (module: Rust-nightly/2026-04-01-GCCcore-13.3.0)
 * [ ] REPOSITORY_ROOT/packaging/easybuild-2024a-rust-overlay/2024a/maturin-1.13.1-GCCcore-13.3.0.eb (module: maturin/1.13.1-GCCcore-13.3.0)
 * [ ] REPOSITORY_ROOT/packaging/easybuild-2024a-polars-overlay/2024a/polars-runtime-32-1.42.1-GCCcore-13.3.0.eb (module: polars-runtime-32/1.42.1-GCCcore-13.3.0)
 * [ ] REPOSITORY_ROOT/packaging/easybuild-2024a-polars-overlay/2024a/polars-1.42.1-GCCcore-13.3.0.eb (module: polars/1.42.1-GCCcore-13.3.0)
